Command line invocation:
    /Applications/Xcode.app/Contents/Developer/usr/bin/xcodebuild -project macSCP.xcodeproj -scheme macSCP -configuration Debug build

Resolve Package Graph


Resolved source packages:
  SwiftTerm: https://github.com/migueldeicaza/SwiftTerm @ 1.10.1
  swift-asn1: https://github.com/apple/swift-asn1.git @ 1.4.0
  swift-log: https://github.com/apple/swift-log.git @ 1.6.4
  TelemetryDeck: https://github.com/TelemetryDeck/SwiftClient @ 2.11.0
  BigInt: https://github.com/attaswift/BigInt.git @ 5.7.0
  swift-nio-ssl: https://github.com/apple/swift-nio-ssl.git @ 2.37.0
  swift-system: https://github.com/apple/swift-system.git @ 1.6.3
  async-http-client: https://github.com/swift-server/async-http-client.git @ 1.30.1
  Citadel: https://github.com/Orlandos-nl/Citadel @ 0.11.1
  Sparkle: https://github.com/sparkle-project/Sparkle @ 2.8.1
  swift-algorithms: https://github.com/apple/swift-algorithms.git @ 1.2.1
  swift-distributed-tracing: https://github.com/apple/swift-distributed-tracing.git @ 1.4.1
  swift-certificates: https://github.com/apple/swift-certificates.git @ 1.19.1
  swift-collections: https://github.com/apple/swift-collections.git @ 1.3.0
  smithy-swift: https://github.com/smithy-lang/smithy-swift @ 0.205.0
  swift-numerics: https://github.com/apple/swift-numerics.git @ 1.1.1
  swift-service-lifecycle: https://github.com/swift-server/swift-service-lifecycle.git @ 2.11.0
  swift-nio-transport-services: https://github.com/apple/swift-nio-transport-services.git @ 1.28.0
  swift-nio: https://github.com/apple/swift-nio.git @ 2.86.2
  swift-crypto: https://github.com/apple/swift-crypto.git @ 3.15.1
  swift-nio-ssh: https://github.com/Joannis/swift-nio-ssh.git @ 0.3.5
  swift-http-structured-headers: https://github.com/apple/swift-http-structured-headers.git @ 1.7.0
  aws-sdk-swift: https://github.com/awslabs/aws-sdk-swift @ 1.6.112
  aws-crt-swift: https://github.com/awslabs/aws-crt-swift @ 0.58.1
  swift-argument-parser: https://github.com/apple/swift-argument-parser @ 1.7.0
  swift-service-context: https://github.com/apple/swift-service-context.git @ 1.3.0
  swift-async-algorithms: https://github.com/apple/swift-async-algorithms.git @ 1.1.3
  swift-nio-extras: https://github.com/apple/swift-nio-extras.git @ 1.32.0
  swift-http-types: https://github.com/apple/swift-http-types.git @ 1.5.1
  swift-atomics: https://github.com/apple/swift-atomics.git @ 1.3.0
  swift-nio-http2: https://github.com/apple/swift-nio-http2.git @ 1.43.0

2026-05-16 12:40:38.119 xcodebuild[22251:413804] [MT] IDERunDestination: Supported platforms for the buildables in the current scheme is empty.
--- xcodebuild: WARNING: Using the first of multiple matching destinations:
{ platform:macOS, arch:arm64, id:00006000-001238A93E91801E, name:My Mac }
{ platform:macOS, arch:x86_64, id:00006000-001238A93E91801E, name:My Mac }
{ platform:macOS, name:Any Mac }
ComputePackagePrebuildTargetDependencyGraph

Prepare packages

CreateBuildRequest

SendProjectDescription

CreateBuildOperation

ComputeTargetDependencyGraph
note: Building targets in dependency order
note: Target dependency graph (136 targets)
    Target 'macSCP' in project 'macSCP'
        ➜ Explicit dependency on target 'SwiftTermFuzz' in project 'SwiftTerm'
        ➜ Explicit dependency on target 'termcast' in project 'SwiftTerm'
        ➜ Explicit dependency on target 'Sparkle' in project 'Sparkle'
        ➜ Explicit dependency on target 'Citadel' in project 'Citadel'
        ➜ Explicit dependency on target 'TelemetryClient' in project 'TelemetryDeck'
        ➜ Explicit dependency on target 'SwiftTerm' in project 'SwiftTerm'
        ➜ Explicit dependency on target 'AWSS3' in project 'aws-sdk-swift'
    Target 'AWSS3' in project 'aws-sdk-swift'
        ➜ Explicit dependency on target 'AWSS3' in project 'aws-sdk-swift'
        ➜ Explicit dependency on target 'AWSSDKCommon' in project 'aws-sdk-swift'
        ➜ Explicit dependency on target 'AWSSDKIdentityAPI' in project 'aws-sdk-swift'
        ➜ Explicit dependency on target 'AWSSDKChecksums' in project 'aws-sdk-swift'
        ➜ Explicit dependency on target 'AWSSDKHTTPAuth' in project 'aws-sdk-swift'
        ➜ Explicit dependency on target 'AWSSDKDynamic' in project 'aws-sdk-swift'
        ➜ Explicit dependency on target 'AWSClientRuntime' in project 'aws-sdk-swift'
        ➜ Explicit dependency on target 'InternalAWSCognitoIdentity' in project 'aws-sdk-swift'
        ➜ Explicit dependency on target 'InternalAWSSSO' in project 'aws-sdk-swift'
        ➜ Explicit dependency on target 'InternalAWSSSOOIDC' in project 'aws-sdk-swift'
        ➜ Explicit dependency on target 'InternalAWSSTS' in project 'aws-sdk-swift'
        ➜ Explicit dependency on target 'InternalAWSSignin' in project 'aws-sdk-swift'
        ➜ Explicit dependency on target 'AWSSDKIdentity' in project 'aws-sdk-swift'
        ➜ Explicit dependency on target 'AwsCommonRuntimeKit' in project 'aws-crt-swift'
        ➜ Explicit dependency on target 'Smithy' in project 'smithy-swift'
        ➜ Explicit dependency on target 'SmithyIdentityAPI' in project 'smithy-swift'
        ➜ Explicit dependency on target 'SmithyChecksums' in project 'smithy-swift'
        ➜ Explicit dependency on target 'SmithyHTTPAPI' in project 'smithy-swift'
        ➜ Explicit dependency on target 'SmithyHTTPAuth' in project 'smithy-swift'
        ➜ Explicit dependency on target 'ClientRuntime' in project 'smithy-swift'
        ➜ Explicit dependency on target 'SmithyIdentity' in project 'smithy-swift'
        ➜ Explicit dependency on target 'SmithyRetriesAPI' in project 'smithy-swift'
        ➜ Explicit dependency on target 'SmithyRetries' in project 'smithy-swift'
        ➜ Explicit dependency on target 'SmithyTimestamps' in project 'smithy-swift'
        ➜ Explicit dependency on target 'SmithyHTTPAuthAPI' in project 'smithy-swift'
        ➜ Explicit dependency on target 'SmithyJSON' in project 'smithy-swift'
        ➜ Explicit dependency on target 'SmithyReadWrite' in project 'smithy-swift'
        ➜ Explicit dependency on target 'SmithyFormURL' in project 'smithy-swift'
        ➜ Explicit dependency on target 'SmithyXML' in project 'smithy-swift'
        ➜ Explicit dependency on target 'SmithyEventStreams' in project 'smithy-swift'
        ➜ Explicit dependency on target 'SmithyEventStreamsAPI' in project 'smithy-swift'
        ➜ Explicit dependency on target 'SmithyWaitersAPI' in project 'smithy-swift'
    Target 'AWSS3' in project 'aws-sdk-swift'
        ➜ Explicit dependency on target 'AWSSDKCommon' in project 'aws-sdk-swift'
        ➜ Explicit dependency on target 'AWSSDKIdentityAPI' in project 'aws-sdk-swift'
        ➜ Explicit dependency on target 'AWSSDKChecksums' in project 'aws-sdk-swift'
        ➜ Explicit dependency on target 'AWSSDKHTTPAuth' in project 'aws-sdk-swift'
        ➜ Explicit dependency on target 'AWSSDKDynamic' in project 'aws-sdk-swift'
        ➜ Explicit dependency on target 'AWSClientRuntime' in project 'aws-sdk-swift'
        ➜ Explicit dependency on target 'InternalAWSCognitoIdentity' in project 'aws-sdk-swift'
        ➜ Explicit dependency on target 'InternalAWSSSO' in project 'aws-sdk-swift'
        ➜ Explicit dependency on target 'InternalAWSSSOOIDC' in project 'aws-sdk-swift'
        ➜ Explicit dependency on target 'InternalAWSSTS' in project 'aws-sdk-swift'
        ➜ Explicit dependency on target 'InternalAWSSignin' in project 'aws-sdk-swift'
        ➜ Explicit dependency on target 'AWSSDKIdentity' in project 'aws-sdk-swift'
        ➜ Explicit dependency on target 'AwsCommonRuntimeKit' in project 'aws-crt-swift'
        ➜ Explicit dependency on target 'Smithy' in project 'smithy-swift'
        ➜ Explicit dependency on target 'SmithyIdentityAPI' in project 'smithy-swift'
        ➜ Explicit dependency on target 'SmithyChecksums' in project 'smithy-swift'
        ➜ Explicit dependency on target 'SmithyHTTPAPI' in project 'smithy-swift'
        ➜ Explicit dependency on target 'SmithyHTTPAuth' in project 'smithy-swift'
        ➜ Explicit dependency on target 'ClientRuntime' in project 'smithy-swift'
        ➜ Explicit dependency on target 'SmithyIdentity' in project 'smithy-swift'
        ➜ Explicit dependency on target 'SmithyRetriesAPI' in project 'smithy-swift'
        ➜ Explicit dependency on target 'SmithyRetries' in project 'smithy-swift'
        ➜ Explicit dependency on target 'SmithyTimestamps' in project 'smithy-swift'
        ➜ Explicit dependency on target 'SmithyHTTPAuthAPI' in project 'smithy-swift'
        ➜ Explicit dependency on target 'SmithyJSON' in project 'smithy-swift'
        ➜ Explicit dependency on target 'SmithyReadWrite' in project 'smithy-swift'
        ➜ Explicit dependency on target 'SmithyFormURL' in project 'smithy-swift'
        ➜ Explicit dependency on target 'SmithyXML' in project 'smithy-swift'
        ➜ Explicit dependency on target 'SmithyEventStreams' in project 'smithy-swift'
        ➜ Explicit dependency on target 'SmithyEventStreamsAPI' in project 'smithy-swift'
        ➜ Explicit dependency on target 'SmithyWaitersAPI' in project 'smithy-swift'
    Target 'SmithyWaitersAPI' in project 'smithy-swift'
        ➜ Explicit dependency on target 'SmithyWaitersAPI' in project 'smithy-swift'
    Target 'SmithyWaitersAPI' in project 'smithy-swift' (no dependencies)
    Target 'SmithyEventStreamsAPI' in project 'smithy-swift'
        ➜ Explicit dependency on target 'SmithyEventStreamsAPI' in project 'smithy-swift'
        ➜ Explicit dependency on target 'Smithy' in project 'smithy-swift'
        ➜ Explicit dependency on target 'Logging' in project 'swift-log'
    Target 'SmithyEventStreams' in project 'smithy-swift'
        ➜ Explicit dependency on target 'SmithyEventStreams' in project 'smithy-swift'
        ➜ Explicit dependency on target 'Smithy' in project 'smithy-swift'
        ➜ Explicit dependency on target 'SmithyEventStreamsAPI' in project 'smithy-swift'
        ➜ Explicit dependency on target 'SmithyEventStreamsAuthAPI' in project 'smithy-swift'
        ➜ Explicit dependency on target 'Logging' in project 'swift-log'
        ➜ Explicit dependency on target 'AwsCommonRuntimeKit' in project 'aws-crt-swift'
    Target 'AWSSDKIdentity' in project 'aws-sdk-swift'
        ➜ Explicit dependency on target 'AWSSDKIdentityAPI' in project 'aws-sdk-swift'
        ➜ Explicit dependency on target 'AWSSDKCommon' in project 'aws-sdk-swift'
        ➜ Explicit dependency on target 'AWSSDKChecksums' in project 'aws-sdk-swift'
        ➜ Explicit dependency on target 'AWSSDKHTTPAuth' in project 'aws-sdk-swift'
        ➜ Explicit dependency on target 'AWSSDKDynamic' in project 'aws-sdk-swift'
        ➜ Explicit dependency on target 'AWSClientRuntime' in project 'aws-sdk-swift'
        ➜ Explicit dependency on target 'InternalAWSCognitoIdentity' in project 'aws-sdk-swift'
        ➜ Explicit dependency on target 'InternalAWSSSO' in project 'aws-sdk-swift'
        ➜ Explicit dependency on target 'InternalAWSSSOOIDC' in project 'aws-sdk-swift'
        ➜ Explicit dependency on target 'InternalAWSSTS' in project 'aws-sdk-swift'
        ➜ Explicit dependency on target 'InternalAWSSignin' in project 'aws-sdk-swift'
        ➜ Explicit dependency on target 'Smithy' in project 'smithy-swift'
        ➜ Explicit dependency on target 'SmithyIdentityAPI' in project 'smithy-swift'
        ➜ Explicit dependency on target 'AwsCommonRuntimeKit' in project 'aws-crt-swift'
        ➜ Explicit dependency on target 'SmithyChecksums' in project 'smithy-swift'
        ➜ Explicit dependency on target 'SmithyHTTPAPI' in project 'smithy-swift'
        ➜ Explicit dependency on target 'SmithyHTTPAuth' in project 'smithy-swift'
        ➜ Explicit dependency on target 'ClientRuntime' in project 'smithy-swift'
        ➜ Explicit dependency on target 'SmithyIdentity' in project 'smithy-swift'
        ➜ Explicit dependency on target 'SmithyRetriesAPI' in project 'smithy-swift'
        ➜ Explicit dependency on target 'SmithyRetries' in project 'smithy-swift'
        ➜ Explicit dependency on target 'SmithyTimestamps' in project 'smithy-swift'
        ➜ Explicit dependency on target 'SmithyHTTPAuthAPI' in project 'smithy-swift'
        ➜ Explicit dependency on target 'SmithyJSON' in project 'smithy-swift'
        ➜ Explicit dependency on target 'SmithyReadWrite' in project 'smithy-swift'
        ➜ Explicit dependency on target 'SmithyFormURL' in project 'smithy-swift'
        ➜ Explicit dependency on target 'SmithyXML' in project 'smithy-swift'
    Target 'InternalAWSSignin' in project 'aws-sdk-swift'
        ➜ Explicit dependency on target 'AWSSDKCommon' in project 'aws-sdk-swift'
        ➜ Explicit dependency on target 'AWSSDKIdentityAPI' in project 'aws-sdk-swift'
        ➜ Explicit dependency on target 'AWSSDKChecksums' in project 'aws-sdk-swift'
        ➜ Explicit dependency on target 'AWSSDKHTTPAuth' in project 'aws-sdk-swift'
        ➜ Explicit dependency on target 'AWSSDKDynamic' in project 'aws-sdk-swift'
        ➜ Explicit dependency on target 'AWSClientRuntime' in project 'aws-sdk-swift'
        ➜ Explicit dependency on target 'AwsCommonRuntimeKit' in project 'aws-crt-swift'
        ➜ Explicit dependency on target 'Smithy' in project 'smithy-swift'
        ➜ Explicit dependency on target 'SmithyIdentityAPI' in project 'smithy-swift'
        ➜ Explicit dependency on target 'SmithyChecksums' in project 'smithy-swift'
        ➜ Explicit dependency on target 'SmithyHTTPAPI' in project 'smithy-swift'
        ➜ Explicit dependency on target 'SmithyHTTPAuth' in project 'smithy-swift'
        ➜ Explicit dependency on target 'ClientRuntime' in project 'smithy-swift'
        ➜ Explicit dependency on target 'SmithyIdentity' in project 'smithy-swift'
        ➜ Explicit dependency on target 'SmithyRetriesAPI' in project 'smithy-swift'
        ➜ Explicit dependency on target 'SmithyRetries' in project 'smithy-swift'
        ➜ Explicit dependency on target 'SmithyTimestamps' in project 'smithy-swift'
        ➜ Explicit dependency on target 'SmithyHTTPAuthAPI' in project 'smithy-swift'
        ➜ Explicit dependency on target 'SmithyJSON' in project 'smithy-swift'
        ➜ Explicit dependency on target 'SmithyReadWrite' in project 'smithy-swift'
    Target 'InternalAWSSTS' in project 'aws-sdk-swift'
        ➜ Explicit dependency on target 'AWSSDKCommon' in project 'aws-sdk-swift'
        ➜ Explicit dependency on target 'AWSSDKIdentityAPI' in project 'aws-sdk-swift'
        ➜ Explicit dependency on target 'AWSSDKChecksums' in project 'aws-sdk-swift'
        ➜ Explicit dependency on target 'AWSSDKHTTPAuth' in project 'aws-sdk-swift'
        ➜ Explicit dependency on target 'AWSSDKDynamic' in project 'aws-sdk-swift'
        ➜ Explicit dependency on target 'AWSClientRuntime' in project 'aws-sdk-swift'
        ➜ Explicit dependency on target 'AwsCommonRuntimeKit' in project 'aws-crt-swift'
        ➜ Explicit dependency on target 'Smithy' in project 'smithy-swift'
        ➜ Explicit dependency on target 'SmithyIdentityAPI' in project 'smithy-swift'
        ➜ Explicit dependency on target 'SmithyChecksums' in project 'smithy-swift'
        ➜ Explicit dependency on target 'SmithyHTTPAPI' in project 'smithy-swift'
        ➜ Explicit dependency on target 'SmithyHTTPAuth' in project 'smithy-swift'
        ➜ Explicit dependency on target 'ClientRuntime' in project 'smithy-swift'
        ➜ Explicit dependency on target 'SmithyIdentity' in project 'smithy-swift'
        ➜ Explicit dependency on target 'SmithyRetriesAPI' in project 'smithy-swift'
        ➜ Explicit dependency on target 'SmithyRetries' in project 'smithy-swift'
        ➜ Explicit dependency on target 'SmithyTimestamps' in project 'smithy-swift'
        ➜ Explicit dependency on target 'SmithyFormURL' in project 'smithy-swift'
        ➜ Explicit dependency on target 'SmithyHTTPAuthAPI' in project 'smithy-swift'
        ➜ Explicit dependency on target 'SmithyReadWrite' in project 'smithy-swift'
        ➜ Explicit dependency on target 'SmithyXML' in project 'smithy-swift'
    Target 'SmithyXML' in project 'smithy-swift'
        ➜ Explicit dependency on target 'SmithyXML' in project 'smithy-swift'
        ➜ Explicit dependency on target 'Smithy' in project 'smithy-swift'
        ➜ Explicit dependency on target 'SmithySerialization' in project 'smithy-swift'
        ➜ Explicit dependency on target 'SmithyTimestamps' in project 'smithy-swift'
        ➜ Explicit dependency on target 'SmithyReadWrite' in project 'smithy-swift'
        ➜ Explicit dependency on target 'Logging' in project 'swift-log'
    Target 'SmithyFormURL' in project 'smithy-swift'
        ➜ Explicit dependency on target 'SmithyFormURL' in project 'smithy-swift'
        ➜ Explicit dependency on target 'Smithy' in project 'smithy-swift'
        ➜ Explicit dependency on target 'SmithyTimestamps' in project 'smithy-swift'
        ➜ Explicit dependency on target 'SmithyReadWrite' in project 'smithy-swift'
        ➜ Explicit dependency on target 'Logging' in project 'swift-log'
    Target 'InternalAWSSSOOIDC' in project 'aws-sdk-swift'
        ➜ Explicit dependency on target 'AWSSDKCommon' in project 'aws-sdk-swift'
        ➜ Explicit dependency on target 'AWSSDKIdentityAPI' in project 'aws-sdk-swift'
        ➜ Explicit dependency on target 'AWSSDKChecksums' in project 'aws-sdk-swift'
        ➜ Explicit dependency on target 'AWSSDKHTTPAuth' in project 'aws-sdk-swift'
        ➜ Explicit dependency on target 'AWSSDKDynamic' in project 'aws-sdk-swift'
        ➜ Explicit dependency on target 'AWSClientRuntime' in project 'aws-sdk-swift'
        ➜ Explicit dependency on target 'AwsCommonRuntimeKit' in project 'aws-crt-swift'
        ➜ Explicit dependency on target 'Smithy' in project 'smithy-swift'
        ➜ Explicit dependency on target 'SmithyIdentityAPI' in project 'smithy-swift'
        ➜ Explicit dependency on target 'SmithyChecksums' in project 'smithy-swift'
        ➜ Explicit dependency on target 'SmithyHTTPAPI' in project 'smithy-swift'
        ➜ Explicit dependency on target 'SmithyHTTPAuth' in project 'smithy-swift'
        ➜ Explicit dependency on target 'ClientRuntime' in project 'smithy-swift'
        ➜ Explicit dependency on target 'SmithyIdentity' in project 'smithy-swift'
        ➜ Explicit dependency on target 'SmithyRetriesAPI' in project 'smithy-swift'
        ➜ Explicit dependency on target 'SmithyRetries' in project 'smithy-swift'
        ➜ Explicit dependency on target 'SmithyTimestamps' in project 'smithy-swift'
        ➜ Explicit dependency on target 'SmithyHTTPAuthAPI' in project 'smithy-swift'
        ➜ Explicit dependency on target 'SmithyJSON' in project 'smithy-swift'
        ➜ Explicit dependency on target 'SmithyReadWrite' in project 'smithy-swift'
    Target 'InternalAWSSSO' in project 'aws-sdk-swift'
        ➜ Explicit dependency on target 'AWSSDKCommon' in project 'aws-sdk-swift'
        ➜ Explicit dependency on target 'AWSSDKIdentityAPI' in project 'aws-sdk-swift'
        ➜ Explicit dependency on target 'AWSSDKChecksums' in project 'aws-sdk-swift'
        ➜ Explicit dependency on target 'AWSSDKHTTPAuth' in project 'aws-sdk-swift'
        ➜ Explicit dependency on target 'AWSSDKDynamic' in project 'aws-sdk-swift'
        ➜ Explicit dependency on target 'AWSClientRuntime' in project 'aws-sdk-swift'
        ➜ Explicit dependency on target 'AwsCommonRuntimeKit' in project 'aws-crt-swift'
        ➜ Explicit dependency on target 'Smithy' in project 'smithy-swift'
        ➜ Explicit dependency on target 'SmithyIdentityAPI' in project 'smithy-swift'
        ➜ Explicit dependency on target 'SmithyChecksums' in project 'smithy-swift'
        ➜ Explicit dependency on target 'SmithyHTTPAPI' in project 'smithy-swift'
        ➜ Explicit dependency on target 'SmithyHTTPAuth' in project 'smithy-swift'
        ➜ Explicit dependency on target 'ClientRuntime' in project 'smithy-swift'
        ➜ Explicit dependency on target 'SmithyIdentity' in project 'smithy-swift'
        ➜ Explicit dependency on target 'SmithyRetriesAPI' in project 'smithy-swift'
        ➜ Explicit dependency on target 'SmithyRetries' in project 'smithy-swift'
        ➜ Explicit dependency on target 'SmithyTimestamps' in project 'smithy-swift'
        ➜ Explicit dependency on target 'SmithyHTTPAuthAPI' in project 'smithy-swift'
        ➜ Explicit dependency on target 'SmithyJSON' in project 'smithy-swift'
        ➜ Explicit dependency on target 'SmithyReadWrite' in project 'smithy-swift'
    Target 'InternalAWSCognitoIdentity' in project 'aws-sdk-swift'
        ➜ Explicit dependency on target 'AWSSDKCommon' in project 'aws-sdk-swift'
        ➜ Explicit dependency on target 'AWSSDKIdentityAPI' in project 'aws-sdk-swift'
        ➜ Explicit dependency on target 'AWSSDKChecksums' in project 'aws-sdk-swift'
        ➜ Explicit dependency on target 'AWSSDKHTTPAuth' in project 'aws-sdk-swift'
        ➜ Explicit dependency on target 'AWSSDKDynamic' in project 'aws-sdk-swift'
        ➜ Explicit dependency on target 'AWSClientRuntime' in project 'aws-sdk-swift'
        ➜ Explicit dependency on target 'AwsCommonRuntimeKit' in project 'aws-crt-swift'
        ➜ Explicit dependency on target 'Smithy' in project 'smithy-swift'
        ➜ Explicit dependency on target 'SmithyIdentityAPI' in project 'smithy-swift'
        ➜ Explicit dependency on target 'SmithyChecksums' in project 'smithy-swift'
        ➜ Explicit dependency on target 'SmithyHTTPAPI' in project 'smithy-swift'
        ➜ Explicit dependency on target 'SmithyHTTPAuth' in project 'smithy-swift'
        ➜ Explicit dependency on target 'ClientRuntime' in project 'smithy-swift'
        ➜ Explicit dependency on target 'SmithyIdentity' in project 'smithy-swift'
        ➜ Explicit dependency on target 'SmithyRetriesAPI' in project 'smithy-swift'
        ➜ Explicit dependency on target 'SmithyRetries' in project 'smithy-swift'
        ➜ Explicit dependency on target 'SmithyTimestamps' in project 'smithy-swift'
        ➜ Explicit dependency on target 'SmithyHTTPAuthAPI' in project 'smithy-swift'
        ➜ Explicit dependency on target 'SmithyJSON' in project 'smithy-swift'
        ➜ Explicit dependency on target 'SmithyReadWrite' in project 'smithy-swift'
    Target 'SmithyReadWrite' in project 'smithy-swift'
        ➜ Explicit dependency on target 'SmithyReadWrite' in project 'smithy-swift'
        ➜ Explicit dependency on target 'Smithy' in project 'smithy-swift'
        ➜ Explicit dependency on target 'SmithyTimestamps' in project 'smithy-swift'
        ➜ Explicit dependency on target 'Logging' in project 'swift-log'
    Target 'SmithyJSON' in project 'smithy-swift'
        ➜ Explicit dependency on target 'SmithyJSON' in project 'smithy-swift'
        ➜ Explicit dependency on target 'Smithy' in project 'smithy-swift'
        ➜ Explicit dependency on target 'SmithySerialization' in project 'smithy-swift'
        ➜ Explicit dependency on target 'SmithyTimestamps' in project 'smithy-swift'
        ➜ Explicit dependency on target 'SmithyReadWrite' in project 'smithy-swift'
        ➜ Explicit dependency on target 'Logging' in project 'swift-log'
    Target 'SmithyHTTPAuthAPI' in project 'smithy-swift'
        ➜ Explicit dependency on target 'SmithyHTTPAuthAPI' in project 'smithy-swift'
        ➜ Explicit dependency on target 'Smithy' in project 'smithy-swift'
        ➜ Explicit dependency on target 'SmithyHTTPAPI' in project 'smithy-swift'
        ➜ Explicit dependency on target 'SmithyIdentityAPI' in project 'smithy-swift'
        ➜ Explicit dependency on target 'Logging' in project 'swift-log'
    Target 'AWSClientRuntime' in project 'aws-sdk-swift'
        ➜ Explicit dependency on target 'aws-sdk-swift_AWSClientRuntime' in project 'aws-sdk-swift'
        ➜ Explicit dependency on target 'AWSSDKCommon' in project 'aws-sdk-swift'
        ➜ Explicit dependency on target 'AWSSDKIdentityAPI' in project 'aws-sdk-swift'
        ➜ Explicit dependency on target 'AWSSDKChecksums' in project 'aws-sdk-swift'
        ➜ Explicit dependency on target 'AWSSDKHTTPAuth' in project 'aws-sdk-swift'
        ➜ Explicit dependency on target 'AWSSDKDynamic' in project 'aws-sdk-swift'
        ➜ Explicit dependency on target 'AwsCommonRuntimeKit' in project 'aws-crt-swift'
        ➜ Explicit dependency on target 'Smithy' in project 'smithy-swift'
        ➜ Explicit dependency on target 'SmithyIdentityAPI' in project 'smithy-swift'
        ➜ Explicit dependency on target 'SmithyChecksums' in project 'smithy-swift'
        ➜ Explicit dependency on target 'SmithyHTTPAPI' in project 'smithy-swift'
        ➜ Explicit dependency on target 'SmithyHTTPAuth' in project 'smithy-swift'
        ➜ Explicit dependency on target 'ClientRuntime' in project 'smithy-swift'
        ➜ Explicit dependency on target 'SmithyIdentity' in project 'smithy-swift'
        ➜ Explicit dependency on target 'SmithyRetriesAPI' in project 'smithy-swift'
        ➜ Explicit dependency on target 'SmithyRetries' in project 'smithy-swift'
        ➜ Explicit dependency on target 'SmithyTimestamps' in project 'smithy-swift'
    Target 'SmithyTimestamps' in project 'smithy-swift'
        ➜ Explicit dependency on target 'SmithyTimestamps' in project 'smithy-swift'
    Target 'SmithyRetries' in project 'smithy-swift'
        ➜ Explicit dependency on target 'SmithyRetries' in project 'smithy-swift'
        ➜ Explicit dependency on target 'SmithyRetriesAPI' in project 'smithy-swift'
    Target 'SmithyRetriesAPI' in project 'smithy-swift'
        ➜ Explicit dependency on target 'SmithyRetriesAPI' in project 'smithy-swift'
    Target 'SmithyIdentity' in project 'smithy-swift'
        ➜ Explicit dependency on target 'SmithyIdentity' in project 'smithy-swift'
        ➜ Explicit dependency on target 'Smithy' in project 'smithy-swift'
        ➜ Explicit dependency on target 'SmithyIdentityAPI' in project 'smithy-swift'
        ➜ Explicit dependency on target 'Logging' in project 'swift-log'
        ➜ Explicit dependency on target 'AwsCommonRuntimeKit' in project 'aws-crt-swift'
    Target 'ClientRuntime' in project 'smithy-swift'
        ➜ Explicit dependency on target 'ClientRuntime' in project 'smithy-swift'
        ➜ Explicit dependency on target 'smithy-swift_ClientRuntime' in project 'smithy-swift'
        ➜ Explicit dependency on target 'Smithy' in project 'smithy-swift'
        ➜ Explicit dependency on target 'SmithyTelemetryAPI' in project 'smithy-swift'
        ➜ Explicit dependency on target 'SmithyHTTPAPI' in project 'smithy-swift'
        ➜ Explicit dependency on target 'SmithyHTTPClientAPI' in project 'smithy-swift'
        ➜ Explicit dependency on target 'SmithyRetriesAPI' in project 'smithy-swift'
        ➜ Explicit dependency on target 'SmithyRetries' in project 'smithy-swift'
        ➜ Explicit dependency on target 'SmithySerialization' in project 'smithy-swift'
        ➜ Explicit dependency on target 'SmithyTimestamps' in project 'smithy-swift'
        ➜ Explicit dependency on target 'SmithyReadWrite' in project 'smithy-swift'
        ➜ Explicit dependency on target 'SmithyXML' in project 'smithy-swift'
        ➜ Explicit dependency on target 'SmithyJSON' in project 'smithy-swift'
        ➜ Explicit dependency on target 'SmithyFormURL' in project 'smithy-swift'
        ➜ Explicit dependency on target 'SmithyIdentityAPI' in project 'smithy-swift'
        ➜ Explicit dependency on target 'SmithyIdentity' in project 'smithy-swift'
        ➜ Explicit dependency on target 'SmithyStreams' in project 'smithy-swift'
        ➜ Explicit dependency on target 'SmithyHTTPClient' in project 'smithy-swift'
        ➜ Explicit dependency on target 'SmithyHTTPAuthAPI' in project 'smithy-swift'
        ➜ Explicit dependency on target 'SmithyChecksumsAPI' in project 'smithy-swift'
        ➜ Explicit dependency on target 'SmithyHTTPAuth' in project 'smithy-swift'
        ➜ Explicit dependency on target 'SmithyEventStreamsAPI' in project 'smithy-swift'
        ➜ Explicit dependency on target 'SmithyEventStreamsAuthAPI' in project 'smithy-swift'
        ➜ Explicit dependency on target 'SmithyEventStreams' in project 'smithy-swift'
        ➜ Explicit dependency on target 'SmithyChecksums' in project 'smithy-swift'
        ➜ Explicit dependency on target 'SmithyCBOR' in project 'smithy-swift'
        ➜ Explicit dependency on target 'Logging' in project 'swift-log'
        ➜ Explicit dependency on target 'AwsCommonRuntimeKit' in project 'aws-crt-swift'
    Target 'ClientRuntime' in project 'smithy-swift'
        ➜ Explicit dependency on target 'smithy-swift_ClientRuntime' in project 'smithy-swift'
        ➜ Explicit dependency on target 'Smithy' in project 'smithy-swift'
        ➜ Explicit dependency on target 'SmithyTelemetryAPI' in project 'smithy-swift'
        ➜ Explicit dependency on target 'SmithyHTTPAPI' in project 'smithy-swift'
        ➜ Explicit dependency on target 'SmithyHTTPClientAPI' in project 'smithy-swift'
        ➜ Explicit dependency on target 'SmithyRetriesAPI' in project 'smithy-swift'
        ➜ Explicit dependency on target 'SmithyRetries' in project 'smithy-swift'
        ➜ Explicit dependency on target 'SmithySerialization' in project 'smithy-swift'
        ➜ Explicit dependency on target 'SmithyTimestamps' in project 'smithy-swift'
        ➜ Explicit dependency on target 'SmithyReadWrite' in project 'smithy-swift'
        ➜ Explicit dependency on target 'SmithyXML' in project 'smithy-swift'
        ➜ Explicit dependency on target 'SmithyJSON' in project 'smithy-swift'
        ➜ Explicit dependency on target 'SmithyFormURL' in project 'smithy-swift'
        ➜ Explicit dependency on target 'SmithyIdentityAPI' in project 'smithy-swift'
        ➜ Explicit dependency on target 'SmithyIdentity' in project 'smithy-swift'
        ➜ Explicit dependency on target 'SmithyStreams' in project 'smithy-swift'
        ➜ Explicit dependency on target 'SmithyHTTPClient' in project 'smithy-swift'
        ➜ Explicit dependency on target 'SmithyHTTPAuthAPI' in project 'smithy-swift'
        ➜ Explicit dependency on target 'SmithyChecksumsAPI' in project 'smithy-swift'
        ➜ Explicit dependency on target 'SmithyHTTPAuth' in project 'smithy-swift'
        ➜ Explicit dependency on target 'SmithyEventStreamsAPI' in project 'smithy-swift'
        ➜ Explicit dependency on target 'SmithyEventStreamsAuthAPI' in project 'smithy-swift'
        ➜ Explicit dependency on target 'SmithyEventStreams' in project 'smithy-swift'
        ➜ Explicit dependency on target 'SmithyChecksums' in project 'smithy-swift'
        ➜ Explicit dependency on target 'SmithyCBOR' in project 'smithy-swift'
        ➜ Explicit dependency on target 'Logging' in project 'swift-log'
        ➜ Explicit dependency on target 'AwsCommonRuntimeKit' in project 'aws-crt-swift'
    Target 'SmithyCBOR' in project 'smithy-swift'
        ➜ Explicit dependency on target 'Smithy' in project 'smithy-swift'
        ➜ Explicit dependency on target 'SmithyTimestamps' in project 'smithy-swift'
        ➜ Explicit dependency on target 'SmithyReadWrite' in project 'smithy-swift'
        ➜ Explicit dependency on target 'Logging' in project 'swift-log'
        ➜ Explicit dependency on target 'AwsCommonRuntimeKit' in project 'aws-crt-swift'
    Target 'SmithyEventStreams' in project 'smithy-swift'
        ➜ Explicit dependency on target 'Smithy' in project 'smithy-swift'
        ➜ Explicit dependency on target 'SmithyEventStreamsAPI' in project 'smithy-swift'
        ➜ Explicit dependency on target 'SmithyEventStreamsAuthAPI' in project 'smithy-swift'
        ➜ Explicit dependency on target 'Logging' in project 'swift-log'
        ➜ Explicit dependency on target 'AwsCommonRuntimeKit' in project 'aws-crt-swift'
    Target 'SmithyEventStreamsAuthAPI' in project 'smithy-swift'
        ➜ Explicit dependency on target 'Smithy' in project 'smithy-swift'
        ➜ Explicit dependency on target 'SmithyEventStreamsAPI' in project 'smithy-swift'
        ➜ Explicit dependency on target 'Logging' in project 'swift-log'
    Target 'SmithyEventStreamsAPI' in project 'smithy-swift'
        ➜ Explicit dependency on target 'Smithy' in project 'smithy-swift'
        ➜ Explicit dependency on target 'Logging' in project 'swift-log'
    Target 'SmithyFormURL' in project 'smithy-swift'
        ➜ Explicit dependency on target 'Smithy' in project 'smithy-swift'
        ➜ Explicit dependency on target 'SmithyTimestamps' in project 'smithy-swift'
        ➜ Explicit dependency on target 'SmithyReadWrite' in project 'smithy-swift'
        ➜ Explicit dependency on target 'Logging' in project 'swift-log'
    Target 'SmithyJSON' in project 'smithy-swift'
        ➜ Explicit dependency on target 'Smithy' in project 'smithy-swift'
        ➜ Explicit dependency on target 'SmithySerialization' in project 'smithy-swift'
        ➜ Explicit dependency on target 'SmithyTimestamps' in project 'smithy-swift'
        ➜ Explicit dependency on target 'SmithyReadWrite' in project 'smithy-swift'
        ➜ Explicit dependency on target 'Logging' in project 'swift-log'
    Target 'SmithyXML' in project 'smithy-swift'
        ➜ Explicit dependency on target 'Smithy' in project 'smithy-swift'
        ➜ Explicit dependency on target 'SmithySerialization' in project 'smithy-swift'
        ➜ Explicit dependency on target 'SmithyTimestamps' in project 'smithy-swift'
        ➜ Explicit dependency on target 'SmithyReadWrite' in project 'smithy-swift'
        ➜ Explicit dependency on target 'Logging' in project 'swift-log'
    Target 'SmithyReadWrite' in project 'smithy-swift'
        ➜ Explicit dependency on target 'Smithy' in project 'smithy-swift'
        ➜ Explicit dependency on target 'SmithyTimestamps' in project 'smithy-swift'
        ➜ Explicit dependency on target 'Logging' in project 'swift-log'
    Target 'SmithyTimestamps' in project 'smithy-swift' (no dependencies)
    Target 'SmithySerialization' in project 'smithy-swift'
        ➜ Explicit dependency on target 'Smithy' in project 'smithy-swift'
        ➜ Explicit dependency on target 'Logging' in project 'swift-log'
    Target 'SmithyRetries' in project 'smithy-swift'
        ➜ Explicit dependency on target 'SmithyRetriesAPI' in project 'smithy-swift'
    Target 'SmithyRetriesAPI' in project 'smithy-swift' (no dependencies)
    Target 'SmithyHTTPClientAPI' in project 'smithy-swift'
        ➜ Explicit dependency on target 'Smithy' in project 'smithy-swift'
        ➜ Explicit dependency on target 'SmithyHTTPAPI' in project 'smithy-swift'
        ➜ Explicit dependency on target 'SmithyTelemetryAPI' in project 'smithy-swift'
        ➜ Explicit dependency on target 'Logging' in project 'swift-log'
    Target 'SmithyTelemetryAPI' in project 'smithy-swift'
        ➜ Explicit dependency on target 'Smithy' in project 'smithy-swift'
        ➜ Explicit dependency on target 'Logging' in project 'swift-log'
    Target 'smithy-swift_ClientRuntime' in project 'smithy-swift' (no dependencies)
    Target 'aws-sdk-swift_AWSClientRuntime' in project 'aws-sdk-swift' (no dependencies)
    Target 'AWSSDKDynamic' in project 'aws-sdk-swift' (no dependencies)
    Target 'AWSSDKHTTPAuth' in project 'aws-sdk-swift'
        ➜ Explicit dependency on target 'AWSSDKIdentityAPI' in project 'aws-sdk-swift'
        ➜ Explicit dependency on target 'AWSSDKChecksums' in project 'aws-sdk-swift'
        ➜ Explicit dependency on target 'Smithy' in project 'smithy-swift'
        ➜ Explicit dependency on target 'SmithyIdentityAPI' in project 'smithy-swift'
        ➜ Explicit dependency on target 'AwsCommonRuntimeKit' in project 'aws-crt-swift'
        ➜ Explicit dependency on target 'SmithyChecksums' in project 'smithy-swift'
        ➜ Explicit dependency on target 'SmithyHTTPAPI' in project 'smithy-swift'
        ➜ Explicit dependency on target 'SmithyHTTPAuth' in project 'smithy-swift'
    Target 'SmithyHTTPAuth' in project 'smithy-swift'
        ➜ Explicit dependency on target 'SmithyHTTPAuth' in project 'smithy-swift'
        ➜ Explicit dependency on target 'Smithy' in project 'smithy-swift'
        ➜ Explicit dependency on target 'SmithyHTTPAPI' in project 'smithy-swift'
        ➜ Explicit dependency on target 'SmithyIdentityAPI' in project 'smithy-swift'
        ➜ Explicit dependency on target 'SmithyHTTPAuthAPI' in project 'smithy-swift'
        ➜ Explicit dependency on target 'SmithyIdentity' in project 'smithy-swift'
        ➜ Explicit dependency on target 'SmithyChecksumsAPI' in project 'smithy-swift'
        ➜ Explicit dependency on target 'SmithyStreams' in project 'smithy-swift'
        ➜ Explicit dependency on target 'SmithyHTTPClient' in project 'smithy-swift'
        ➜ Explicit dependency on target 'Logging' in project 'swift-log'
        ➜ Explicit dependency on target 'AwsCommonRuntimeKit' in project 'aws-crt-swift'
    Target 'SmithyHTTPAuth' in project 'smithy-swift'
        ➜ Explicit dependency on target 'Smithy' in project 'smithy-swift'
        ➜ Explicit dependency on target 'SmithyHTTPAPI' in project 'smithy-swift'
        ➜ Explicit dependency on target 'SmithyIdentityAPI' in project 'smithy-swift'
        ➜ Explicit dependency on target 'SmithyHTTPAuthAPI' in project 'smithy-swift'
        ➜ Explicit dependency on target 'SmithyIdentity' in project 'smithy-swift'
        ➜ Explicit dependency on target 'SmithyChecksumsAPI' in project 'smithy-swift'
        ➜ Explicit dependency on target 'SmithyStreams' in project 'smithy-swift'
        ➜ Explicit dependency on target 'SmithyHTTPClient' in project 'smithy-swift'
        ➜ Explicit dependency on target 'Logging' in project 'swift-log'
        ➜ Explicit dependency on target 'AwsCommonRuntimeKit' in project 'aws-crt-swift'
    Target 'SmithyIdentity' in project 'smithy-swift'
        ➜ Explicit dependency on target 'Smithy' in project 'smithy-swift'
        ➜ Explicit dependency on target 'SmithyIdentityAPI' in project 'smithy-swift'
        ➜ Explicit dependency on target 'Logging' in project 'swift-log'
        ➜ Explicit dependency on target 'AwsCommonRuntimeKit' in project 'aws-crt-swift'
    Target 'SmithyHTTPAuthAPI' in project 'smithy-swift'
        ➜ Explicit dependency on target 'Smithy' in project 'smithy-swift'
        ➜ Explicit dependency on target 'SmithyHTTPAPI' in project 'smithy-swift'
        ➜ Explicit dependency on target 'SmithyIdentityAPI' in project 'smithy-swift'
        ➜ Explicit dependency on target 'Logging' in project 'swift-log'
    Target 'AWSSDKChecksums' in project 'aws-sdk-swift'
        ➜ Explicit dependency on target 'AwsCommonRuntimeKit' in project 'aws-crt-swift'
        ➜ Explicit dependency on target 'Smithy' in project 'smithy-swift'
        ➜ Explicit dependency on target 'SmithyChecksums' in project 'smithy-swift'
        ➜ Explicit dependency on target 'SmithyHTTPAPI' in project 'smithy-swift'
    Target 'SmithyHTTPAPI' in project 'smithy-swift'
        ➜ Explicit dependency on target 'SmithyHTTPAPI' in project 'smithy-swift'
        ➜ Explicit dependency on target 'Smithy' in project 'smithy-swift'
        ➜ Explicit dependency on target 'Logging' in project 'swift-log'
    Target 'SmithyChecksums' in project 'smithy-swift'
        ➜ Explicit dependency on target 'SmithyChecksums' in project 'smithy-swift'
        ➜ Explicit dependency on target 'Smithy' in project 'smithy-swift'
        ➜ Explicit dependency on target 'SmithyChecksumsAPI' in project 'smithy-swift'
        ➜ Explicit dependency on target 'SmithyStreams' in project 'smithy-swift'
        ➜ Explicit dependency on target 'SmithyHTTPAPI' in project 'smithy-swift'
        ➜ Explicit dependency on target 'SmithyHTTPClient' in project 'smithy-swift'
        ➜ Explicit dependency on target 'Logging' in project 'swift-log'
        ➜ Explicit dependency on target 'AwsCommonRuntimeKit' in project 'aws-crt-swift'
    Target 'SmithyChecksums' in project 'smithy-swift'
        ➜ Explicit dependency on target 'Smithy' in project 'smithy-swift'
        ➜ Explicit dependency on target 'SmithyChecksumsAPI' in project 'smithy-swift'
        ➜ Explicit dependency on target 'SmithyStreams' in project 'smithy-swift'
        ➜ Explicit dependency on target 'SmithyHTTPAPI' in project 'smithy-swift'
        ➜ Explicit dependency on target 'SmithyHTTPClient' in project 'smithy-swift'
        ➜ Explicit dependency on target 'Logging' in project 'swift-log'
        ➜ Explicit dependency on target 'AwsCommonRuntimeKit' in project 'aws-crt-swift'
    Target 'SmithyHTTPClient' in project 'smithy-swift'
        ➜ Explicit dependency on target 'Smithy' in project 'smithy-swift'
        ➜ Explicit dependency on target 'SmithyHTTPAPI' in project 'smithy-swift'
        ➜ Explicit dependency on target 'SmithyStreams' in project 'smithy-swift'
        ➜ Explicit dependency on target 'Logging' in project 'swift-log'
        ➜ Explicit dependency on target 'AwsCommonRuntimeKit' in project 'aws-crt-swift'
    Target 'SmithyHTTPAPI' in project 'smithy-swift'
        ➜ Explicit dependency on target 'Smithy' in project 'smithy-swift'
        ➜ Explicit dependency on target 'Logging' in project 'swift-log'
    Target 'SmithyStreams' in project 'smithy-swift'
        ➜ Explicit dependency on target 'Smithy' in project 'smithy-swift'
        ➜ Explicit dependency on target 'Logging' in project 'swift-log'
        ➜ Explicit dependency on target 'AwsCommonRuntimeKit' in project 'aws-crt-swift'
    Target 'SmithyChecksumsAPI' in project 'smithy-swift'
        ➜ Explicit dependency on target 'Smithy' in project 'smithy-swift'
        ➜ Explicit dependency on target 'Logging' in project 'swift-log'
    Target 'AWSSDKIdentityAPI' in project 'aws-sdk-swift'
        ➜ Explicit dependency on target 'Smithy' in project 'smithy-swift'
        ➜ Explicit dependency on target 'SmithyIdentityAPI' in project 'smithy-swift'
    Target 'SmithyIdentityAPI' in project 'smithy-swift'
        ➜ Explicit dependency on target 'SmithyIdentityAPI' in project 'smithy-swift'
        ➜ Explicit dependency on target 'Smithy' in project 'smithy-swift'
        ➜ Explicit dependency on target 'Logging' in project 'swift-log'
    Target 'SmithyIdentityAPI' in project 'smithy-swift'
        ➜ Explicit dependency on target 'Smithy' in project 'smithy-swift'
        ➜ Explicit dependency on target 'Logging' in project 'swift-log'
    Target 'Smithy' in project 'smithy-swift'
        ➜ Explicit dependency on target 'Smithy' in project 'smithy-swift'
        ➜ Explicit dependency on target 'Logging' in project 'swift-log'
    Target 'Smithy' in project 'smithy-swift'
        ➜ Explicit dependency on target 'Logging' in project 'swift-log'
    Target 'AWSSDKCommon' in project 'aws-sdk-swift'
        ➜ Explicit dependency on target 'AwsCommonRuntimeKit' in project 'aws-crt-swift'
    Target 'AwsCommonRuntimeKit' in project 'aws-crt-swift'
        ➜ Explicit dependency on target 'AwsCommonRuntimeKit' in project 'aws-crt-swift'
        ➜ Explicit dependency on target 'aws-crt-swift_AwsCommonRuntimeKit' in project 'aws-crt-swift'
        ➜ Explicit dependency on target 'AwsCPlatformConfig' in project 'aws-crt-swift'
        ➜ Explicit dependency on target 'AwsCCommon' in project 'aws-crt-swift'
        ➜ Explicit dependency on target 'AwsCCompression' in project 'aws-crt-swift'
        ➜ Explicit dependency on target 'AwsCCal' in project 'aws-crt-swift'
        ➜ Explicit dependency on target 'AwsCIo' in project 'aws-crt-swift'
        ➜ Explicit dependency on target 'AwsCHttp' in project 'aws-crt-swift'
        ➜ Explicit dependency on target 'AwsCSdkUtils' in project 'aws-crt-swift'
        ➜ Explicit dependency on target 'AwsCAuth' in project 'aws-crt-swift'
        ➜ Explicit dependency on target 'AwsCChecksums' in project 'aws-crt-swift'
        ➜ Explicit dependency on target 'AwsCEventStream' in project 'aws-crt-swift'
        ➜ Explicit dependency on target 'AwsCMqtt' in project 'aws-crt-swift'
    Target 'AwsCommonRuntimeKit' in project 'aws-crt-swift'
        ➜ Explicit dependency on target 'aws-crt-swift_AwsCommonRuntimeKit' in project 'aws-crt-swift'
        ➜ Explicit dependency on target 'AwsCPlatformConfig' in project 'aws-crt-swift'
        ➜ Explicit dependency on target 'AwsCCommon' in project 'aws-crt-swift'
        ➜ Explicit dependency on target 'AwsCCompression' in project 'aws-crt-swift'
        ➜ Explicit dependency on target 'AwsCCal' in project 'aws-crt-swift'
        ➜ Explicit dependency on target 'AwsCIo' in project 'aws-crt-swift'
        ➜ Explicit dependency on target 'AwsCHttp' in project 'aws-crt-swift'
        ➜ Explicit dependency on target 'AwsCSdkUtils' in project 'aws-crt-swift'
        ➜ Explicit dependency on target 'AwsCAuth' in project 'aws-crt-swift'
        ➜ Explicit dependency on target 'AwsCChecksums' in project 'aws-crt-swift'
        ➜ Explicit dependency on target 'AwsCEventStream' in project 'aws-crt-swift'
        ➜ Explicit dependency on target 'AwsCMqtt' in project 'aws-crt-swift'
        ➜ Explicit dependency on target 'LibNative' in project 'aws-crt-swift'
    Target 'LibNative' in project 'aws-crt-swift' (no dependencies)
    Target 'AwsCMqtt' in project 'aws-crt-swift'
        ➜ Explicit dependency on target 'AwsCPlatformConfig' in project 'aws-crt-swift'
        ➜ Explicit dependency on target 'AwsCCommon' in project 'aws-crt-swift'
        ➜ Explicit dependency on target 'AwsCCompression' in project 'aws-crt-swift'
        ➜ Explicit dependency on target 'AwsCCal' in project 'aws-crt-swift'
        ➜ Explicit dependency on target 'AwsCIo' in project 'aws-crt-swift'
        ➜ Explicit dependency on target 'AwsCHttp' in project 'aws-crt-swift'
    Target 'AwsCEventStream' in project 'aws-crt-swift'
        ➜ Explicit dependency on target 'AwsCPlatformConfig' in project 'aws-crt-swift'
        ➜ Explicit dependency on target 'AwsCCommon' in project 'aws-crt-swift'
        ➜ Explicit dependency on target 'AwsCChecksums' in project 'aws-crt-swift'
        ➜ Explicit dependency on target 'AwsCCal' in project 'aws-crt-swift'
        ➜ Explicit dependency on target 'AwsCIo' in project 'aws-crt-swift'
    Target 'AwsCChecksums' in project 'aws-crt-swift'
        ➜ Explicit dependency on target 'AwsCPlatformConfig' in project 'aws-crt-swift'
        ➜ Explicit dependency on target 'AwsCCommon' in project 'aws-crt-swift'
    Target 'AwsCAuth' in project 'aws-crt-swift'
        ➜ Explicit dependency on target 'AwsCPlatformConfig' in project 'aws-crt-swift'
        ➜ Explicit dependency on target 'AwsCCommon' in project 'aws-crt-swift'
        ➜ Explicit dependency on target 'AwsCCompression' in project 'aws-crt-swift'
        ➜ Explicit dependency on target 'AwsCCal' in project 'aws-crt-swift'
        ➜ Explicit dependency on target 'AwsCIo' in project 'aws-crt-swift'
        ➜ Explicit dependency on target 'AwsCHttp' in project 'aws-crt-swift'
        ➜ Explicit dependency on target 'AwsCSdkUtils' in project 'aws-crt-swift'
    Target 'AwsCSdkUtils' in project 'aws-crt-swift'
        ➜ Explicit dependency on target 'AwsCPlatformConfig' in project 'aws-crt-swift'
        ➜ Explicit dependency on target 'AwsCCommon' in project 'aws-crt-swift'
    Target 'AwsCHttp' in project 'aws-crt-swift'
        ➜ Explicit dependency on target 'AwsCPlatformConfig' in project 'aws-crt-swift'
        ➜ Explicit dependency on target 'AwsCCommon' in project 'aws-crt-swift'
        ➜ Explicit dependency on target 'AwsCCompression' in project 'aws-crt-swift'
        ➜ Explicit dependency on target 'AwsCCal' in project 'aws-crt-swift'
        ➜ Explicit dependency on target 'AwsCIo' in project 'aws-crt-swift'
    Target 'AwsCIo' in project 'aws-crt-swift'
        ➜ Explicit dependency on target 'AwsCPlatformConfig' in project 'aws-crt-swift'
        ➜ Explicit dependency on target 'AwsCCommon' in project 'aws-crt-swift'
        ➜ Explicit dependency on target 'AwsCCal' in project 'aws-crt-swift'
    Target 'AwsCCal' in project 'aws-crt-swift'
        ➜ Explicit dependency on target 'AwsCPlatformConfig' in project 'aws-crt-swift'
        ➜ Explicit dependency on target 'AwsCCommon' in project 'aws-crt-swift'
    Target 'AwsCCompression' in project 'aws-crt-swift'
        ➜ Explicit dependency on target 'AwsCPlatformConfig' in project 'aws-crt-swift'
        ➜ Explicit dependency on target 'AwsCCommon' in project 'aws-crt-swift'
    Target 'AwsCCommon' in project 'aws-crt-swift'
        ➜ Explicit dependency on target 'AwsCPlatformConfig' in project 'aws-crt-swift'
    Target 'AwsCPlatformConfig' in project 'aws-crt-swift' (no dependencies)
    Target 'aws-crt-swift_AwsCommonRuntimeKit' in project 'aws-crt-swift' (no dependencies)
    Target 'SwiftTerm' in project 'SwiftTerm'
        ➜ Explicit dependency on target 'SwiftTerm' in project 'SwiftTerm'
    Target 'TelemetryClient' in project 'TelemetryDeck'
        ➜ Explicit dependency on target 'TelemetryClient' in project 'TelemetryDeck'
        ➜ Explicit dependency on target 'TelemetryDeck_TelemetryClient' in project 'TelemetryDeck'
        ➜ Explicit dependency on target 'TelemetryDeck' in project 'TelemetryDeck'
    Target 'TelemetryClient' in project 'TelemetryDeck'
        ➜ Explicit dependency on target 'TelemetryDeck_TelemetryClient' in project 'TelemetryDeck'
        ➜ Explicit dependency on target 'TelemetryDeck' in project 'TelemetryDeck'
    Target 'TelemetryDeck' in project 'TelemetryDeck'
        ➜ Explicit dependency on target 'TelemetryDeck_TelemetryDeck' in project 'TelemetryDeck'
    Target 'TelemetryDeck_TelemetryDeck' in project 'TelemetryDeck' (no dependencies)
    Target 'TelemetryDeck_TelemetryClient' in project 'TelemetryDeck' (no dependencies)
    Target 'Citadel' in project 'Citadel'
        ➜ Explicit dependency on target 'Citadel' in project 'Citadel'
        ➜ Explicit dependency on target 'CCitadelBcrypt' in project 'Citadel'
        ➜ Explicit dependency on target 'NIOSSH' in project 'swift-nio-ssh'
        ➜ Explicit dependency on target 'Crypto' in project 'swift-crypto'
        ➜ Explicit dependency on target '_CryptoExtras' in project 'swift-crypto'
        ➜ Explicit dependency on target 'BigInt' in project 'BigInt'
        ➜ Explicit dependency on target 'Logging' in project 'swift-log'
    Target 'Citadel' in project 'Citadel'
        ➜ Explicit dependency on target 'CCitadelBcrypt' in project 'Citadel'
        ➜ Explicit dependency on target 'NIOSSH' in project 'swift-nio-ssh'
        ➜ Explicit dependency on target 'Crypto' in project 'swift-crypto'
        ➜ Explicit dependency on target '_CryptoExtras' in project 'swift-crypto'
        ➜ Explicit dependency on target 'BigInt' in project 'BigInt'
        ➜ Explicit dependency on target 'Logging' in project 'swift-log'
    Target 'Logging' in project 'swift-log'
        ➜ Explicit dependency on target 'Logging' in project 'swift-log'
    Target 'Logging' in project 'swift-log' (no dependencies)
    Target 'BigInt' in project 'BigInt'
        ➜ Explicit dependency on target 'BigInt' in project 'BigInt'
    Target 'BigInt' in project 'BigInt' (no dependencies)
    Target '_CryptoExtras' in project 'swift-crypto'
        ➜ Explicit dependency on target '_CryptoExtras' in project 'swift-crypto'
        ➜ Explicit dependency on target 'swift-crypto__CryptoExtras' in project 'swift-crypto'
        ➜ Explicit dependency on target 'CCryptoBoringSSL' in project 'swift-crypto'
        ➜ Explicit dependency on target 'CCryptoBoringSSLShims' in project 'swift-crypto'
        ➜ Explicit dependency on target 'CryptoBoringWrapper' in project 'swift-crypto'
        ➜ Explicit dependency on target 'Crypto' in project 'swift-crypto'
        ➜ Explicit dependency on target 'SwiftASN1' in project 'swift-asn1'
    Target '_CryptoExtras' in project 'swift-crypto'
        ➜ Explicit dependency on target 'swift-crypto__CryptoExtras' in project 'swift-crypto'
        ➜ Explicit dependency on target 'CCryptoBoringSSL' in project 'swift-crypto'
        ➜ Explicit dependency on target 'CCryptoBoringSSLShims' in project 'swift-crypto'
        ➜ Explicit dependency on target 'CryptoBoringWrapper' in project 'swift-crypto'
        ➜ Explicit dependency on target 'Crypto' in project 'swift-crypto'
        ➜ Explicit dependency on target 'SwiftASN1' in project 'swift-asn1'
    Target 'SwiftASN1' in project 'swift-asn1'
        ➜ Explicit dependency on target 'SwiftASN1' in project 'swift-asn1'
    Target 'SwiftASN1' in project 'swift-asn1' (no dependencies)
    Target 'CryptoBoringWrapper' in project 'swift-crypto'
        ➜ Explicit dependency on target 'swift-crypto_CryptoBoringWrapper' in project 'swift-crypto'
        ➜ Explicit dependency on target 'CCryptoBoringSSL' in project 'swift-crypto'
        ➜ Explicit dependency on target 'CCryptoBoringSSLShims' in project 'swift-crypto'
    Target 'swift-crypto_CryptoBoringWrapper' in project 'swift-crypto' (no dependencies)
    Target 'CCryptoBoringSSLShims' in project 'swift-crypto'
        ➜ Explicit dependency on target 'swift-crypto_CCryptoBoringSSLShims' in project 'swift-crypto'
        ➜ Explicit dependency on target 'CCryptoBoringSSL' in project 'swift-crypto'
    Target 'swift-crypto_CCryptoBoringSSLShims' in project 'swift-crypto' (no dependencies)
    Target 'CCryptoBoringSSL' in project 'swift-crypto'
        ➜ Explicit dependency on target 'swift-crypto_CCryptoBoringSSL' in project 'swift-crypto'
    Target 'swift-crypto_CCryptoBoringSSL' in project 'swift-crypto' (no dependencies)
    Target 'swift-crypto__CryptoExtras' in project 'swift-crypto' (no dependencies)
    Target 'NIOSSH' in project 'swift-nio-ssh'
        ➜ Explicit dependency on target 'NIOSSH' in project 'swift-nio-ssh'
        ➜ Explicit dependency on target 'NIOCore' in project 'swift-nio'
        ➜ Explicit dependency on target 'NIOConcurrencyHelpers' in project 'swift-nio'
        ➜ Explicit dependency on target 'NIOFoundationCompat' in project 'swift-nio'
        ➜ Explicit dependency on target 'Crypto' in project 'swift-crypto'
        ➜ Explicit dependency on target 'Atomics' in project 'swift-atomics'
    Target 'NIOSSH' in project 'swift-nio-ssh'
        ➜ Explicit dependency on target 'NIOCore' in project 'swift-nio'
        ➜ Explicit dependency on target 'NIOConcurrencyHelpers' in project 'swift-nio'
        ➜ Explicit dependency on target 'NIOFoundationCompat' in project 'swift-nio'
        ➜ Explicit dependency on target 'Crypto' in project 'swift-crypto'
        ➜ Explicit dependency on target 'Atomics' in project 'swift-atomics'
    Target 'Crypto' in project 'swift-crypto'
        ➜ Explicit dependency on target 'Crypto' in project 'swift-crypto'
        ➜ Explicit dependency on target 'swift-crypto_Crypto' in project 'swift-crypto'
    Target 'Crypto' in project 'swift-crypto'
        ➜ Explicit dependency on target 'swift-crypto_Crypto' in project 'swift-crypto'
    Target 'swift-crypto_Crypto' in project 'swift-crypto' (no dependencies)
    Target 'NIOFoundationCompat' in project 'swift-nio'
        ➜ Explicit dependency on target 'NIOFoundationCompat' in project 'swift-nio'
        ➜ Explicit dependency on target 'CNIOAtomics' in project 'swift-nio'
        ➜ Explicit dependency on target 'NIOConcurrencyHelpers' in project 'swift-nio'
        ➜ Explicit dependency on target '_NIOBase64' in project 'swift-nio'
        ➜ Explicit dependency on target 'CNIODarwin' in project 'swift-nio'
        ➜ Explicit dependency on target 'CNIOLinux' in project 'swift-nio'
        ➜ Explicit dependency on target 'CNIOWindows' in project 'swift-nio'
        ➜ Explicit dependency on target 'CNIOWASI' in project 'swift-nio'
        ➜ Explicit dependency on target '_NIODataStructures' in project 'swift-nio'
        ➜ Explicit dependency on target 'NIOCore' in project 'swift-nio'
        ➜ Explicit dependency on target 'NIOEmbedded' in project 'swift-nio'
        ➜ Explicit dependency on target 'CNIOPosix' in project 'swift-nio'
        ➜ Explicit dependency on target 'NIOPosix' in project 'swift-nio'
        ➜ Explicit dependency on target 'NIO' in project 'swift-nio'
        ➜ Explicit dependency on target 'DequeModule' in project 'swift-collections'
        ➜ Explicit dependency on target 'Atomics' in project 'swift-atomics'
    Target 'NIOFoundationCompat' in project 'swift-nio'
        ➜ Explicit dependency on target 'CNIOAtomics' in project 'swift-nio'
        ➜ Explicit dependency on target 'NIOConcurrencyHelpers' in project 'swift-nio'
        ➜ Explicit dependency on target '_NIOBase64' in project 'swift-nio'
        ➜ Explicit dependency on target 'CNIODarwin' in project 'swift-nio'
        ➜ Explicit dependency on target 'CNIOLinux' in project 'swift-nio'
        ➜ Explicit dependency on target 'CNIOWindows' in project 'swift-nio'
        ➜ Explicit dependency on target 'CNIOWASI' in project 'swift-nio'
        ➜ Explicit dependency on target '_NIODataStructures' in project 'swift-nio'
        ➜ Explicit dependency on target 'NIOCore' in project 'swift-nio'
        ➜ Explicit dependency on target 'NIOEmbedded' in project 'swift-nio'
        ➜ Explicit dependency on target 'CNIOPosix' in project 'swift-nio'
        ➜ Explicit dependency on target 'NIOPosix' in project 'swift-nio'
        ➜ Explicit dependency on target 'NIO' in project 'swift-nio'
        ➜ Explicit dependency on target 'DequeModule' in project 'swift-collections'
        ➜ Explicit dependency on target 'Atomics' in project 'swift-atomics'
    Target 'NIO' in project 'swift-nio'
        ➜ Explicit dependency on target 'CNIOAtomics' in project 'swift-nio'
        ➜ Explicit dependency on target 'NIOConcurrencyHelpers' in project 'swift-nio'
        ➜ Explicit dependency on target '_NIOBase64' in project 'swift-nio'
        ➜ Explicit dependency on target 'CNIODarwin' in project 'swift-nio'
        ➜ Explicit dependency on target 'CNIOLinux' in project 'swift-nio'
        ➜ Explicit dependency on target 'CNIOWindows' in project 'swift-nio'
        ➜ Explicit dependency on target 'CNIOWASI' in project 'swift-nio'
        ➜ Explicit dependency on target '_NIODataStructures' in project 'swift-nio'
        ➜ Explicit dependency on target 'NIOCore' in project 'swift-nio'
        ➜ Explicit dependency on target 'NIOEmbedded' in project 'swift-nio'
        ➜ Explicit dependency on target 'CNIOPosix' in project 'swift-nio'
        ➜ Explicit dependency on target 'NIOPosix' in project 'swift-nio'
        ➜ Explicit dependency on target 'DequeModule' in project 'swift-collections'
        ➜ Explicit dependency on target 'Atomics' in project 'swift-atomics'
    Target 'NIOPosix' in project 'swift-nio'
        ➜ Explicit dependency on target 'swift-nio_NIOPosix' in project 'swift-nio'
        ➜ Explicit dependency on target 'CNIOLinux' in project 'swift-nio'
        ➜ Explicit dependency on target 'CNIODarwin' in project 'swift-nio'
        ➜ Explicit dependency on target 'CNIOWindows' in project 'swift-nio'
        ➜ Explicit dependency on target 'CNIOAtomics' in project 'swift-nio'
        ➜ Explicit dependency on target 'NIOConcurrencyHelpers' in project 'swift-nio'
        ➜ Explicit dependency on target '_NIOBase64' in project 'swift-nio'
        ➜ Explicit dependency on target 'CNIOWASI' in project 'swift-nio'
        ➜ Explicit dependency on target '_NIODataStructures' in project 'swift-nio'
        ➜ Explicit dependency on target 'NIOCore' in project 'swift-nio'
        ➜ Explicit dependency on target 'CNIOPosix' in project 'swift-nio'
        ➜ Explicit dependency on target 'DequeModule' in project 'swift-collections'
        ➜ Explicit dependency on target 'Atomics' in project 'swift-atomics'
    Target 'swift-nio_NIOPosix' in project 'swift-nio' (no dependencies)
    Target 'CNIOPosix' in project 'swift-nio' (no dependencies)
    Target 'NIOEmbedded' in project 'swift-nio'
        ➜ Explicit dependency on target 'CNIOAtomics' in project 'swift-nio'
        ➜ Explicit dependency on target 'NIOConcurrencyHelpers' in project 'swift-nio'
        ➜ Explicit dependency on target '_NIOBase64' in project 'swift-nio'
        ➜ Explicit dependency on target 'CNIODarwin' in project 'swift-nio'
        ➜ Explicit dependency on target 'CNIOLinux' in project 'swift-nio'
        ➜ Explicit dependency on target 'CNIOWindows' in project 'swift-nio'
        ➜ Explicit dependency on target 'CNIOWASI' in project 'swift-nio'
        ➜ Explicit dependency on target '_NIODataStructures' in project 'swift-nio'
        ➜ Explicit dependency on target 'NIOCore' in project 'swift-nio'
        ➜ Explicit dependency on target 'DequeModule' in project 'swift-collections'
        ➜ Explicit dependency on target 'Atomics' in project 'swift-atomics'
    Target 'NIOConcurrencyHelpers' in project 'swift-nio'
        ➜ Explicit dependency on target 'NIOConcurrencyHelpers' in project 'swift-nio'
        ➜ Explicit dependency on target 'CNIOAtomics' in project 'swift-nio'
    Target 'NIOCore' in project 'swift-nio'
        ➜ Explicit dependency on target 'NIOCore' in project 'swift-nio'
        ➜ Explicit dependency on target 'CNIOAtomics' in project 'swift-nio'
        ➜ Explicit dependency on target 'NIOConcurrencyHelpers' in project 'swift-nio'
        ➜ Explicit dependency on target '_NIOBase64' in project 'swift-nio'
        ➜ Explicit dependency on target 'CNIODarwin' in project 'swift-nio'
        ➜ Explicit dependency on target 'CNIOLinux' in project 'swift-nio'
        ➜ Explicit dependency on target 'CNIOWindows' in project 'swift-nio'
        ➜ Explicit dependency on target 'CNIOWASI' in project 'swift-nio'
        ➜ Explicit dependency on target '_NIODataStructures' in project 'swift-nio'
        ➜ Explicit dependency on target 'DequeModule' in project 'swift-collections'
        ➜ Explicit dependency on target 'Atomics' in project 'swift-atomics'
    Target 'NIOCore' in project 'swift-nio'
        ➜ Explicit dependency on target 'CNIOAtomics' in project 'swift-nio'
        ➜ Explicit dependency on target 'NIOConcurrencyHelpers' in project 'swift-nio'
        ➜ Explicit dependency on target '_NIOBase64' in project 'swift-nio'
        ➜ Explicit dependency on target 'CNIODarwin' in project 'swift-nio'
        ➜ Explicit dependency on target 'CNIOLinux' in project 'swift-nio'
        ➜ Explicit dependency on target 'CNIOWindows' in project 'swift-nio'
        ➜ Explicit dependency on target 'CNIOWASI' in project 'swift-nio'
        ➜ Explicit dependency on target '_NIODataStructures' in project 'swift-nio'
        ➜ Explicit dependency on target 'DequeModule' in project 'swift-collections'
        ➜ Explicit dependency on target 'Atomics' in project 'swift-atomics'
    Target 'Atomics' in project 'swift-atomics'
        ➜ Explicit dependency on target 'Atomics' in project 'swift-atomics'
        ➜ Explicit dependency on target '_AtomicsShims' in project 'swift-atomics'
    Target 'Atomics' in project 'swift-atomics'
        ➜ Explicit dependency on target '_AtomicsShims' in project 'swift-atomics'
    Target '_AtomicsShims' in project 'swift-atomics' (no dependencies)
    Target 'DequeModule' in project 'swift-collections'
        ➜ Explicit dependency on target 'DequeModule' in project 'swift-collections'
        ➜ Explicit dependency on target 'InternalCollectionsUtilities' in project 'swift-collections'
    Target 'DequeModule' in project 'swift-collections'
        ➜ Explicit dependency on target 'InternalCollectionsUtilities' in project 'swift-collections'
    Target 'InternalCollectionsUtilities' in project 'swift-collections' (no dependencies)
    Target '_NIODataStructures' in project 'swift-nio' (no dependencies)
    Target 'CNIOWASI' in project 'swift-nio' (no dependencies)
    Target 'CNIOWindows' in project 'swift-nio' (no dependencies)
    Target 'CNIOLinux' in project 'swift-nio' (no dependencies)
    Target 'CNIODarwin' in project 'swift-nio' (no dependencies)
    Target '_NIOBase64' in project 'swift-nio' (no dependencies)
    Target 'NIOConcurrencyHelpers' in project 'swift-nio'
        ➜ Explicit dependency on target 'CNIOAtomics' in project 'swift-nio'
    Target 'CNIOAtomics' in project 'swift-nio' (no dependencies)
    Target 'CCitadelBcrypt' in project 'Citadel' (no dependencies)
    Target 'Sparkle' in project 'Sparkle' (no dependencies)
    Target 'termcast' in project 'SwiftTerm'
        ➜ Explicit dependency on target 'SwiftTerm' in project 'SwiftTerm'
        ➜ Explicit dependency on target 'ArgumentParser' in project 'swift-argument-parser'
    Target 'ArgumentParser' in project 'swift-argument-parser'
        ➜ Explicit dependency on target 'ArgumentParser' in project 'swift-argument-parser'
        ➜ Explicit dependency on target 'ArgumentParserToolInfo' in project 'swift-argument-parser'
    Target 'ArgumentParser' in project 'swift-argument-parser'
        ➜ Explicit dependency on target 'ArgumentParserToolInfo' in project 'swift-argument-parser'
    Target 'ArgumentParserToolInfo' in project 'swift-argument-parser' (no dependencies)
    Target 'SwiftTermFuzz' in project 'SwiftTerm'
        ➜ Explicit dependency on target 'SwiftTerm' in project 'SwiftTerm'
    Target 'SwiftTerm' in project 'SwiftTerm' (no dependencies)

GatherProvisioningInputs

CreateBuildDescription

ExecuteExternalTool /Applications/Xcode.app/Contents/Developer/Toolchains/XcodeDefault.xctoolchain/usr/bin/swiftc --version

ExecuteExternalTool /Applications/Xcode.app/Contents/Developer/Toolchains/XcodeDefault.xctoolchain/usr/bin/clang -v -E -dM -arch arm64 -isysroot /Applications/Xcode.app/Contents/Developer/Platforms/MacOSX.platform/Developer/SDKs/MacOSX26.5.sdk -x c -c /dev/null

ExecuteExternalTool /Applications/Xcode.app/Contents/Developer/Toolchains/XcodeDefault.xctoolchain/usr/bin/clang -v -E -dM -isysroot /Applications/Xcode.app/Contents/Developer/Platforms/MacOSX.platform/Developer/SDKs/MacOSX26.5.sdk -x c -c /dev/null

ExecuteExternalTool /Applications/Xcode.app/Contents/Developer/Toolchains/XcodeDefault.xctoolchain/usr/bin/ld -version_details

ExecuteExternalTool /Applications/Xcode.app/Contents/Developer/Toolchains/XcodeDefault.xctoolchain/usr/bin/clang -v -E -dM -arch arm64 -isysroot /Applications/Xcode.app/Contents/Developer/Platforms/MacOSX.platform/Developer/SDKs/MacOSX26.5.sdk -x c++ -c /dev/null

ReadFileContents /Applications/Xcode.app/Contents/Developer/Toolchains/XcodeDefault.xctoolchain/usr/share/docc/features.json

ExecuteExternalTool /Applications/Xcode.app/Contents/Developer/usr/bin/actool --version --output-format xml1

ExecuteExternalTool /Applications/Xcode.app/Contents/Developer/Toolchains/XcodeDefault.xctoolchain/usr/bin/clang -v -E -dM -arch arm64 -isysroot /Applications/Xcode.app/Contents/Developer/Platforms/MacOSX.platform/Developer/SDKs/MacOSX26.5.sdk -x assembler-with-cpp -c /dev/null

Build description signature: 5a17a469ba295139cac56b853b7bdd47
Build description path: /Users/dungmv/Library/Developer/Xcode/DerivedData/macSCP-ashqfvenqdpjoidexoodbencnboy/Build/Intermediates.noindex/XCBuildData/5a17a469ba295139cac56b853b7bdd47.xcbuilddata
ClangStatCache /Applications/Xcode.app/Contents/Developer/Toolchains/XcodeDefault.xctoolchain/usr/bin/clang-stat-cache /Applications/Xcode.app/Contents/Developer/Platforms/MacOSX.platform/Developer/SDKs/MacOSX26.5.sdk /Users/dungmv/Library/Developer/Xcode/DerivedData/SDKStatCaches.noindex/macosx26.5-25F70-e082c4a02f00227109f4ed75e425c832.sdkstatcache
    cd /Users/dungmv/Documents/nexgen/macSCP/macSCP.xcodeproj
    /Applications/Xcode.app/Contents/Developer/Toolchains/XcodeDefault.xctoolchain/usr/bin/clang-stat-cache /Applications/Xcode.app/Contents/Developer/Platforms/MacOSX.platform/Developer/SDKs/MacOSX26.5.sdk -o /Users/dungmv/Library/Developer/Xcode/DerivedData/SDKStatCaches.noindex/macosx26.5-25F70-e082c4a02f00227109f4ed75e425c832.sdkstatcache

ProcessInfoPlistFile /Users/dungmv/Library/Developer/Xcode/DerivedData/macSCP-ashqfvenqdpjoidexoodbencnboy/Build/Products/Debug/swift-nio_NIOPosix.bundle/Contents/Info.plist /Users/dungmv/Library/Developer/Xcode/DerivedData/macSCP-ashqfvenqdpjoidexoodbencnboy/Build/Intermediates.noindex/swift-nio.build/Debug/swift-nio_NIOPosix.build/empty-swift-nio_NIOPosix.plist (in target 'swift-nio_NIOPosix' from project 'swift-nio')
    cd /Users/dungmv/Library/Developer/Xcode/DerivedData/macSCP-ashqfvenqdpjoidexoodbencnboy/SourcePackages/checkouts/swift-nio
    builtin-infoPlistUtility /Users/dungmv/Library/Developer/Xcode/DerivedData/macSCP-ashqfvenqdpjoidexoodbencnboy/Build/Intermediates.noindex/swift-nio.build/Debug/swift-nio_NIOPosix.build/empty-swift-nio_NIOPosix.plist -producttype com.apple.product-type.bundle -expandbuildsettings -platform macosx -o /Users/dungmv/Library/Developer/Xcode/DerivedData/macSCP-ashqfvenqdpjoidexoodbencnboy/Build/Products/Debug/swift-nio_NIOPosix.bundle/Contents/Info.plist

ProcessInfoPlistFile /Users/dungmv/Library/Developer/Xcode/DerivedData/macSCP-ashqfvenqdpjoidexoodbencnboy/Build/Products/Debug/swift-crypto_CryptoBoringWrapper.bundle/Contents/Info.plist /Users/dungmv/Library/Developer/Xcode/DerivedData/macSCP-ashqfvenqdpjoidexoodbencnboy/Build/Intermediates.noindex/swift-crypto.build/Debug/swift-crypto_CryptoBoringWrapper.build/empty-swift-crypto_CryptoBoringWrapper.plist (in target 'swift-crypto_CryptoBoringWrapper' from project 'swift-crypto')
    cd /Users/dungmv/Library/Developer/Xcode/DerivedData/macSCP-ashqfvenqdpjoidexoodbencnboy/SourcePackages/checkouts/swift-crypto
    builtin-infoPlistUtility /Users/dungmv/Library/Developer/Xcode/DerivedData/macSCP-ashqfvenqdpjoidexoodbencnboy/Build/Intermediates.noindex/swift-crypto.build/Debug/swift-crypto_CryptoBoringWrapper.build/empty-swift-crypto_CryptoBoringWrapper.plist -producttype com.apple.product-type.bundle -expandbuildsettings -platform macosx -o /Users/dungmv/Library/Developer/Xcode/DerivedData/macSCP-ashqfvenqdpjoidexoodbencnboy/Build/Products/Debug/swift-crypto_CryptoBoringWrapper.bundle/Contents/Info.plist

ProcessInfoPlistFile /Users/dungmv/Library/Developer/Xcode/DerivedData/macSCP-ashqfvenqdpjoidexoodbencnboy/Build/Products/Debug/swift-crypto_Crypto.bundle/Contents/Info.plist /Users/dungmv/Library/Developer/Xcode/DerivedData/macSCP-ashqfvenqdpjoidexoodbencnboy/Build/Intermediates.noindex/swift-crypto.build/Debug/swift-crypto_Crypto.build/empty-swift-crypto_Crypto.plist (in target 'swift-crypto_Crypto' from project 'swift-crypto')
    cd /Users/dungmv/Library/Developer/Xcode/DerivedData/macSCP-ashqfvenqdpjoidexoodbencnboy/SourcePackages/checkouts/swift-crypto
    builtin-infoPlistUtility /Users/dungmv/Library/Developer/Xcode/DerivedData/macSCP-ashqfvenqdpjoidexoodbencnboy/Build/Intermediates.noindex/swift-crypto.build/Debug/swift-crypto_Crypto.build/empty-swift-crypto_Crypto.plist -producttype com.apple.product-type.bundle -expandbuildsettings -platform macosx -o /Users/dungmv/Library/Developer/Xcode/DerivedData/macSCP-ashqfvenqdpjoidexoodbencnboy/Build/Products/Debug/swift-crypto_Crypto.bundle/Contents/Info.plist

ProcessInfoPlistFile /Users/dungmv/Library/Developer/Xcode/DerivedData/macSCP-ashqfvenqdpjoidexoodbencnboy/Build/Products/Debug/swift-crypto_CCryptoBoringSSLShims.bundle/Contents/Info.plist /Users/dungmv/Library/Developer/Xcode/DerivedData/macSCP-ashqfvenqdpjoidexoodbencnboy/Build/Intermediates.noindex/swift-crypto.build/Debug/swift-crypto_CCryptoBoringSSLShims.build/empty-swift-crypto_CCryptoBoringSSLShims.plist (in target 'swift-crypto_CCryptoBoringSSLShims' from project 'swift-crypto')
    cd /Users/dungmv/Library/Developer/Xcode/DerivedData/macSCP-ashqfvenqdpjoidexoodbencnboy/SourcePackages/checkouts/swift-crypto
    builtin-infoPlistUtility /Users/dungmv/Library/Developer/Xcode/DerivedData/macSCP-ashqfvenqdpjoidexoodbencnboy/Build/Intermediates.noindex/swift-crypto.build/Debug/swift-crypto_CCryptoBoringSSLShims.build/empty-swift-crypto_CCryptoBoringSSLShims.plist -producttype com.apple.product-type.bundle -expandbuildsettings -platform macosx -o /Users/dungmv/Library/Developer/Xcode/DerivedData/macSCP-ashqfvenqdpjoidexoodbencnboy/Build/Products/Debug/swift-crypto_CCryptoBoringSSLShims.bundle/Contents/Info.plist

ProcessInfoPlistFile /Users/dungmv/Library/Developer/Xcode/DerivedData/macSCP-ashqfvenqdpjoidexoodbencnboy/Build/Products/Debug/swift-crypto_CCryptoBoringSSL.bundle/Contents/Info.plist /Users/dungmv/Library/Developer/Xcode/DerivedData/macSCP-ashqfvenqdpjoidexoodbencnboy/Build/Intermediates.noindex/swift-crypto.build/Debug/swift-crypto_CCryptoBoringSSL.build/empty-swift-crypto_CCryptoBoringSSL.plist (in target 'swift-crypto_CCryptoBoringSSL' from project 'swift-crypto')
    cd /Users/dungmv/Library/Developer/Xcode/DerivedData/macSCP-ashqfvenqdpjoidexoodbencnboy/SourcePackages/checkouts/swift-crypto
    builtin-infoPlistUtility /Users/dungmv/Library/Developer/Xcode/DerivedData/macSCP-ashqfvenqdpjoidexoodbencnboy/Build/Intermediates.noindex/swift-crypto.build/Debug/swift-crypto_CCryptoBoringSSL.build/empty-swift-crypto_CCryptoBoringSSL.plist -producttype com.apple.product-type.bundle -expandbuildsettings -platform macosx -o /Users/dungmv/Library/Developer/Xcode/DerivedData/macSCP-ashqfvenqdpjoidexoodbencnboy/Build/Products/Debug/swift-crypto_CCryptoBoringSSL.bundle/Contents/Info.plist

SwiftDriver macSCP normal arm64 com.apple.xcode.tools.swift.compiler (in target 'macSCP' from project 'macSCP')
    cd /Users/dungmv/Documents/nexgen/macSCP
    builtin-SwiftDriver -- /Applications/Xcode.app/Contents/Developer/Toolchains/XcodeDefault.xctoolchain/usr/bin/swiftc -module-name macSCP -Onone @/Users/dungmv/Library/Developer/Xcode/DerivedData/macSCP-ashqfvenqdpjoidexoodbencnboy/Build/Intermediates.noindex/macSCP.build/Debug/macSCP.build/Objects-normal/arm64/macSCP.SwiftFileList -DDEBUG -Xcc -fmodule-map-file\=/Users/dungmv/Library/Developer/Xcode/DerivedData/macSCP-ashqfvenqdpjoidexoodbencnboy/Build/Intermediates.noindex/GeneratedModuleMaps/CNIOPosix.modulemap -Xcc -fmodule-map-file\=/Users/dungmv/Library/Developer/Xcode/DerivedData/macSCP-ashqfvenqdpjoidexoodbencnboy/Build/Intermediates.noindex/GeneratedModuleMaps/CNIOWASI.modulemap -Xcc -fmodule-map-file\=/Users/dungmv/Library/Developer/Xcode/DerivedData/macSCP-ashqfvenqdpjoidexoodbencnboy/Build/Intermediates.noindex/GeneratedModuleMaps/CNIOLinux.modulemap -Xcc -fmodule-map-file\=/Users/dungmv/Library/Developer/Xcode/DerivedData/macSCP-ashqfvenqdpjoidexoodbencnboy/Build/Intermediates.noindex/GeneratedModuleMaps/CNIODarwin.modulemap -Xcc -fmodule-map-file\=/Users/dungmv/Library/Developer/Xcode/DerivedData/macSCP-ashqfvenqdpjoidexoodbencnboy/Build/Intermediates.noindex/GeneratedModuleMaps/CNIOAtomics.modulemap -Xcc -fmodule-map-file\=/Users/dungmv/Library/Developer/Xcode/DerivedData/macSCP-ashqfvenqdpjoidexoodbencnboy/SourcePackages/checkouts/aws-crt-swift/Source/LibNative/module.modulemap -Xcc -fmodule-map-file\=/Users/dungmv/Library/Developer/Xcode/DerivedData/macSCP-ashqfvenqdpjoidexoodbencnboy/Build/Intermediates.noindex/GeneratedModuleMaps/AwsCMqtt.modulemap -Xcc -fmodule-map-file\=/Users/dungmv/Library/Developer/Xcode/DerivedData/macSCP-ashqfvenqdpjoidexoodbencnboy/Build/Intermediates.noindex/GeneratedModuleMaps/AwsCEventStream.modulemap -Xcc -fmodule-map-file\=/Users/dungmv/Library/Developer/Xcode/DerivedData/macSCP-ashqfvenqdpjoidexoodbencnboy/Build/Intermediates.noindex/GeneratedModuleMaps/AwsCChecksums.modulemap -Xcc -fmodule-map-file\=/Users/dungmv/Library/Developer/Xcode/DerivedData/macSCP-ashqfvenqdpjoidexoodbencnboy/Build/Intermediates.noindex/GeneratedModuleMaps/AwsCAuth.modulemap -Xcc -fmodule-map-file\=/Users/dungmv/Library/Developer/Xcode/DerivedData/macSCP-ashqfvenqdpjoidexoodbencnboy/Build/Intermediates.noindex/GeneratedModuleMaps/AwsCSdkUtils.modulemap -Xcc -fmodule-map-file\=/Users/dungmv/Library/Developer/Xcode/DerivedData/macSCP-ashqfvenqdpjoidexoodbencnboy/Build/Intermediates.noindex/GeneratedModuleMaps/AwsCHttp.modulemap -Xcc -fmodule-map-file\=/Users/dungmv/Library/Developer/Xcode/DerivedData/macSCP-ashqfvenqdpjoidexoodbencnboy/Build/Intermediates.noindex/GeneratedModuleMaps/AwsCIo.modulemap -Xcc -fmodule-map-file\=/Users/dungmv/Library/Developer/Xcode/DerivedData/macSCP-ashqfvenqdpjoidexoodbencnboy/Build/Intermediates.noindex/GeneratedModuleMaps/AwsCCal.modulemap -Xcc -fmodule-map-file\=/Users/dungmv/Library/Developer/Xcode/DerivedData/macSCP-ashqfvenqdpjoidexoodbencnboy/Build/Intermediates.noindex/GeneratedModuleMaps/AwsCCompression.modulemap -Xcc -fmodule-map-file\=/Users/dungmv/Library/Developer/Xcode/DerivedData/macSCP-ashqfvenqdpjoidexoodbencnboy/Build/Intermediates.noindex/GeneratedModuleMaps/AwsCCommon.modulemap -default-isolation\=MainActor -enable-bare-slash-regex -enable-upcoming-feature DisableOutwardActorInference -enable-upcoming-feature InferSendableFromCaptures -enable-upcoming-feature GlobalActorIsolatedTypesUsability -enable-upcoming-feature MemberImportVisibility -enable-upcoming-feature InferIsolatedConformances -enable-upcoming-feature NonisolatedNonsendingByDefault -enable-experimental-feature DebugDescriptionMacro -sdk /Applications/Xcode.app/Contents/Developer/Platforms/MacOSX.platform/Developer/SDKs/MacOSX26.5.sdk -target arm64-apple-macos15.0 -g -module-cache-path /Users/dungmv/Library/Developer/Xcode/DerivedData/ModuleCache.noindex -Xfrontend -serialize-debugging-options -profile-coverage-mapping -profile-generate -enable-testing -index-store-path /Users/dungmv/Library/Developer/Xcode/DerivedData/macSCP-ashqfvenqdpjoidexoodbencnboy/Index.noindex/DataStore -Xcc -D_LIBCPP_HARDENING_MODE\=_LIBCPP_HARDENING_MODE_DEBUG -swift-version 5 -I /Users/dungmv/Library/Developer/Xcode/DerivedData/macSCP-ashqfvenqdpjoidexoodbencnboy/Build/Products/Debug -F /Users/dungmv/Library/Developer/Xcode/DerivedData/macSCP-ashqfvenqdpjoidexoodbencnboy/Build/Products/Debug/PackageFrameworks -F /Users/dungmv/Library/Developer/Xcode/DerivedData/macSCP-ashqfvenqdpjoidexoodbencnboy/Build/Products/Debug/PackageFrameworks -F /Users/dungmv/Library/Developer/Xcode/DerivedData/macSCP-ashqfvenqdpjoidexoodbencnboy/Build/Products/Debug/PackageFrameworks -F /Users/dungmv/Library/Developer/Xcode/DerivedData/macSCP-ashqfvenqdpjoidexoodbencnboy/Build/Products/Debug/PackageFrameworks -F /Users/dungmv/Library/Developer/Xcode/DerivedData/macSCP-ashqfvenqdpjoidexoodbencnboy/Build/Products/Debug/PackageFrameworks -F /Users/dungmv/Library/Developer/Xcode/DerivedData/macSCP-ashqfvenqdpjoidexoodbencnboy/Build/Products/Debug/PackageFrameworks -F /Users/dungmv/Library/Developer/Xcode/DerivedData/macSCP-ashqfvenqdpjoidexoodbencnboy/Build/Products/Debug/PackageFrameworks -F /Users/dungmv/Library/Developer/Xcode/DerivedData/macSCP-ashqfvenqdpjoidexoodbencnboy/Build/Products/Debug/PackageFrameworks -F /Users/dungmv/Library/Developer/Xcode/DerivedData/macSCP-ashqfvenqdpjoidexoodbencnboy/Build/Products/Debug/PackageFrameworks -F /Users/dungmv/Library/Developer/Xcode/DerivedData/macSCP-ashqfvenqdpjoidexoodbencnboy/Build/Products/Debug/PackageFrameworks -F /Users/dungmv/Library/Developer/Xcode/DerivedData/macSCP-ashqfvenqdpjoidexoodbencnboy/Build/Products/Debug/PackageFrameworks -F /Users/dungmv/Library/Developer/Xcode/DerivedData/macSCP-ashqfvenqdpjoidexoodbencnboy/Build/Products/Debug/PackageFrameworks -F /Users/dungmv/Library/Developer/Xcode/DerivedData/macSCP-ashqfvenqdpjoidexoodbencnboy/Build/Products/Debug/PackageFrameworks -F /Users/dungmv/Library/Developer/Xcode/DerivedData/macSCP-ashqfvenqdpjoidexoodbencnboy/Build/Products/Debug/PackageFrameworks -F /Users/dungmv/Library/Developer/Xcode/DerivedData/macSCP-ashqfvenqdpjoidexoodbencnboy/Build/Products/Debug/PackageFrameworks -F /Users/dungmv/Library/Developer/Xcode/DerivedData/macSCP-ashqfvenqdpjoidexoodbencnboy/Build/Products/Debug/PackageFrameworks -F /Users/dungmv/Library/Developer/Xcode/DerivedData/macSCP-ashqfvenqdpjoidexoodbencnboy/Build/Products/Debug/PackageFrameworks -F /Users/dungmv/Library/Developer/Xcode/DerivedData/macSCP-ashqfvenqdpjoidexoodbencnboy/Build/Products/Debug/PackageFrameworks -F /Users/dungmv/Library/Developer/Xcode/DerivedData/macSCP-ashqfvenqdpjoidexoodbencnboy/Build/Products/Debug/PackageFrameworks -F /Users/dungmv/Library/Developer/Xcode/DerivedData/macSCP-ashqfvenqdpjoidexoodbencnboy/Build/Products/Debug/PackageFrameworks -F /Users/dungmv/Library/Developer/Xcode/DerivedData/macSCP-ashqfvenqdpjoidexoodbencnboy/Build/Products/Debug/PackageFrameworks -F /Users/dungmv/Library/Developer/Xcode/DerivedData/macSCP-ashqfvenqdpjoidexoodbencnboy/Build/Products/Debug/PackageFrameworks -F /Users/dungmv/Library/Developer/Xcode/DerivedData/macSCP-ashqfvenqdpjoidexoodbencnboy/Build/Products/Debug/PackageFrameworks -F /Users/dungmv/Library/Developer/Xcode/DerivedData/macSCP-ashqfvenqdpjoidexoodbencnboy/Build/Products/Debug/PackageFrameworks -F /Users/dungmv/Library/Developer/Xcode/DerivedData/macSCP-ashqfvenqdpjoidexoodbencnboy/Build/Products/Debug/PackageFrameworks -F /Users/dungmv/Library/Developer/Xcode/DerivedData/macSCP-ashqfvenqdpjoidexoodbencnboy/Build/Products/Debug/PackageFrameworks -F /Users/dungmv/Library/Developer/Xcode/DerivedData/macSCP-ashqfvenqdpjoidexoodbencnboy/Build/Products/Debug/PackageFrameworks -F /Users/dungmv/Library/Developer/Xcode/DerivedData/macSCP-ashqfvenqdpjoidexoodbencnboy/Build/Products/Debug/PackageFrameworks -F /Users/dungmv/Library/Developer/Xcode/DerivedData/macSCP-ashqfvenqdpjoidexoodbencnboy/Build/Products/Debug/PackageFrameworks -F /Users/dungmv/Library/Developer/Xcode/DerivedData/macSCP-ashqfvenqdpjoidexoodbencnboy/Build/Products/Debug/PackageFrameworks -F /Users/dungmv/Library/Developer/Xcode/DerivedData/macSCP-ashqfvenqdpjoidexoodbencnboy/Build/Products/Debug/PackageFrameworks -F /Users/dungmv/Library/Developer/Xcode/DerivedData/macSCP-ashqfvenqdpjoidexoodbencnboy/Build/Products/Debug/PackageFrameworks -F /Users/dungmv/Library/Developer/Xcode/DerivedData/macSCP-ashqfvenqdpjoidexoodbencnboy/Build/Products/Debug/PackageFrameworks -F /Users/dungmv/Library/Developer/Xcode/DerivedData/macSCP-ashqfvenqdpjoidexoodbencnboy/Build/Products/Debug/PackageFrameworks -F /Users/dungmv/Library/Developer/Xcode/DerivedData/macSCP-ashqfvenqdpjoidexoodbencnboy/Build/Products/Debug/PackageFrameworks -F /Users/dungmv/Library/Developer/Xcode/DerivedData/macSCP-ashqfvenqdpjoidexoodbencnboy/Build/Products/Debug/PackageFrameworks -F /Users/dungmv/Library/Developer/Xcode/DerivedData/macSCP-ashqfvenqdpjoidexoodbencnboy/Build/Products/Debug/PackageFrameworks -F /Users/dungmv/Library/Developer/Xcode/DerivedData/macSCP-ashqfvenqdpjoidexoodbencnboy/Build/Products/Debug/PackageFrameworks -F /Users/dungmv/Library/Developer/Xcode/DerivedData/macSCP-ashqfvenqdpjoidexoodbencnboy/Build/Products/Debug/PackageFrameworks -F /Users/dungmv/Library/Developer/Xcode/DerivedData/macSCP-ashqfvenqdpjoidexoodbencnboy/Build/Products/Debug/PackageFrameworks -F /Users/dungmv/Library/Developer/Xcode/DerivedData/macSCP-ashqfvenqdpjoidexoodbencnboy/Build/Products/Debug/PackageFrameworks -F /Users/dungmv/Library/Developer/Xcode/DerivedData/macSCP-ashqfvenqdpjoidexoodbencnboy/Build/Products/Debug/PackageFrameworks -F /Users/dungmv/Library/Developer/Xcode/DerivedData/macSCP-ashqfvenqdpjoidexoodbencnboy/Build/Products/Debug/PackageFrameworks -F /Users/dungmv/Library/Developer/Xcode/DerivedData/macSCP-ashqfvenqdpjoidexoodbencnboy/Build/Products/Debug/PackageFrameworks -F /Users/dungmv/Library/Developer/Xcode/DerivedData/macSCP-ashqfvenqdpjoidexoodbencnboy/Build/Products/Debug/PackageFrameworks -F /Users/dungmv/Library/Developer/Xcode/DerivedData/macSCP-ashqfvenqdpjoidexoodbencnboy/Build/Products/Debug/PackageFrameworks -F /Users/dungmv/Library/Developer/Xcode/DerivedData/macSCP-ashqfvenqdpjoidexoodbencnboy/Build/Products/Debug/PackageFrameworks -F /Users/dungmv/Library/Developer/Xcode/DerivedData/macSCP-ashqfvenqdpjoidexoodbencnboy/Build/Products/Debug/PackageFrameworks -F /Users/dungmv/Library/Developer/Xcode/DerivedData/macSCP-ashqfvenqdpjoidexoodbencnboy/Build/Products/Debug/PackageFrameworks -F /Users/dungmv/Library/Developer/Xcode/DerivedData/macSCP-ashqfvenqdpjoidexoodbencnboy/Build/Products/Debug/PackageFrameworks -F /Users/dungmv/Library/Developer/Xcode/DerivedData/macSCP-ashqfvenqdpjoidexoodbencnboy/Build/Products/Debug/PackageFrameworks -F /Users/dungmv/Library/Developer/Xcode/DerivedData/macSCP-ashqfvenqdpjoidexoodbencnboy/Build/Products/Debug/PackageFrameworks -F /Users/dungmv/Library/Developer/Xcode/DerivedData/macSCP-ashqfvenqdpjoidexoodbencnboy/Build/Products/Debug/PackageFrameworks -F /Users/dungmv/Library/Developer/Xcode/DerivedData/macSCP-ashqfvenqdpjoidexoodbencnboy/Build/Products/Debug/PackageFrameworks -F /Users/dungmv/Library/Developer/Xcode/DerivedData/macSCP-ashqfvenqdpjoidexoodbencnboy/Build/Products/Debug/PackageFrameworks -F /Users/dungmv/Library/Developer/Xcode/DerivedData/macSCP-ashqfvenqdpjoidexoodbencnboy/Build/Products/Debug/PackageFrameworks -F /Users/dungmv/Library/Developer/Xcode/DerivedData/macSCP-ashqfvenqdpjoidexoodbencnboy/Build/Products/Debug/PackageFrameworks -F /Users/dungmv/Library/Developer/Xcode/DerivedData/macSCP-ashqfvenqdpjoidexoodbencnboy/Build/Products/Debug/PackageFrameworks -F /Users/dungmv/Library/Developer/Xcode/DerivedData/macSCP-ashqfvenqdpjoidexoodbencnboy/Build/Products/Debug/PackageFrameworks -F /Users/dungmv/Library/Developer/Xcode/DerivedData/macSCP-ashqfvenqdpjoidexoodbencnboy/Build/Products/Debug/PackageFrameworks -F /Users/dungmv/Library/Developer/Xcode/DerivedData/macSCP-ashqfvenqdpjoidexoodbencnboy/Build/Products/Debug/PackageFrameworks -F /Users/dungmv/Library/Developer/Xcode/DerivedData/macSCP-ashqfvenqdpjoidexoodbencnboy/Build/Products/Debug/PackageFrameworks -F /Users/dungmv/Library/Developer/Xcode/DerivedData/macSCP-ashqfvenqdpjoidexoodbencnboy/Build/Products/Debug/PackageFrameworks -F /Users/dungmv/Library/Developer/Xcode/DerivedData/macSCP-ashqfvenqdpjoidexoodbencnboy/Build/Products/Debug/PackageFrameworks -F /Users/dungmv/Library/Developer/Xcode/DerivedData/macSCP-ashqfvenqdpjoidexoodbencnboy/Build/Products/Debug/PackageFrameworks -F /Users/dungmv/Library/Developer/Xcode/DerivedData/macSCP-ashqfvenqdpjoidexoodbencnboy/Build/Products/Debug/PackageFrameworks -F /Users/dungmv/Library/Developer/Xcode/DerivedData/macSCP-ashqfvenqdpjoidexoodbencnboy/Build/Products/Debug/PackageFrameworks -F /Users/dungmv/Library/Developer/Xcode/DerivedData/macSCP-ashqfvenqdpjoidexoodbencnboy/Build/Products/Debug/PackageFrameworks -F /Users/dungmv/Library/Developer/Xcode/DerivedData/macSCP-ashqfvenqdpjoidexoodbencnboy/Build/Products/Debug/PackageFrameworks -F /Users/dungmv/Library/Developer/Xcode/DerivedData/macSCP-ashqfvenqdpjoidexoodbencnboy/Build/Products/Debug/PackageFrameworks -F /Users/dungmv/Library/Developer/Xcode/DerivedData/macSCP-ashqfvenqdpjoidexoodbencnboy/Build/Products/Debug/PackageFrameworks -F /Users/dungmv/Library/Developer/Xcode/DerivedData/macSCP-ashqfvenqdpjoidexoodbencnboy/Build/Products/Debug/PackageFrameworks -F /Users/dungmv/Library/Developer/Xcode/DerivedData/macSCP-ashqfvenqdpjoidexoodbencnboy/Build/Products/Debug/PackageFrameworks -F /Users/dungmv/Library/Developer/Xcode/DerivedData/macSCP-ashqfvenqdpjoidexoodbencnboy/Build/Products/Debug/PackageFrameworks -F /Users/dungmv/Library/Developer/Xcode/DerivedData/macSCP-ashqfvenqdpjoidexoodbencnboy/Build/Products/Debug/PackageFrameworks -F /Users/dungmv/Library/Developer/Xcode/DerivedData/macSCP-ashqfvenqdpjoidexoodbencnboy/Build/Products/Debug/PackageFrameworks -F /Users/dungmv/Library/Developer/Xcode/DerivedData/macSCP-ashqfvenqdpjoidexoodbencnboy/Build/Products/Debug/PackageFrameworks -F /Users/dungmv/Library/Developer/Xcode/DerivedData/macSCP-ashqfvenqdpjoidexoodbencnboy/Build/Products/Debug/PackageFrameworks -F /Users/dungmv/Library/Developer/Xcode/DerivedData/macSCP-ashqfvenqdpjoidexoodbencnboy/Build/Products/Debug/PackageFrameworks -F /Users/dungmv/Library/Developer/Xcode/DerivedData/macSCP-ashqfvenqdpjoidexoodbencnboy/Build/Products/Debug/PackageFrameworks -F /Users/dungmv/Library/Developer/Xcode/DerivedData/macSCP-ashqfvenqdpjoidexoodbencnboy/Build/Products/Debug/PackageFrameworks -F /Users/dungmv/Library/Developer/Xcode/DerivedData/macSCP-ashqfvenqdpjoidexoodbencnboy/Build/Products/Debug/PackageFrameworks -F /Users/dungmv/Library/Developer/Xcode/DerivedData/macSCP-ashqfvenqdpjoidexoodbencnboy/Build/Products/Debug/PackageFrameworks -F /Users/dungmv/Library/Developer/Xcode/DerivedData/macSCP-ashqfvenqdpjoidexoodbencnboy/Build/Products/Debug/PackageFrameworks -F /Users/dungmv/Library/Developer/Xcode/DerivedData/macSCP-ashqfvenqdpjoidexoodbencnboy/Build/Products/Debug/PackageFrameworks -F /Users/dungmv/Library/Developer/Xcode/DerivedData/macSCP-ashqfvenqdpjoidexoodbencnboy/Build/Products/Debug -emit-localized-strings -emit-localized-strings-path /Users/dungmv/Library/Developer/Xcode/DerivedData/macSCP-ashqfvenqdpjoidexoodbencnboy/Build/Intermediates.noindex/macSCP.build/Debug/macSCP.build/Objects-normal/arm64 -c -j10 -enable-batch-mode -incremental -Xcc -ivfsstatcache -Xcc /Users/dungmv/Library/Developer/Xcode/DerivedData/SDKStatCaches.noindex/macosx26.5-25F70-e082c4a02f00227109f4ed75e425c832.sdkstatcache -output-file-map /Users/dungmv/Library/Developer/Xcode/DerivedData/macSCP-ashqfvenqdpjoidexoodbencnboy/Build/Intermediates.noindex/macSCP.build/Debug/macSCP.build/Objects-normal/arm64/macSCP-OutputFileMap.json -use-frontend-parseable-output -save-temps -no-color-diagnostics -explicit-module-build -module-cache-path /Users/dungmv/Library/Developer/Xcode/DerivedData/macSCP-ashqfvenqdpjoidexoodbencnboy/Build/Intermediates.noindex/SwiftExplicitPrecompiledModules -clang-scanner-module-cache-path /Users/dungmv/Library/Developer/Xcode/DerivedData/ModuleCache.noindex -sdk-module-cache-path /Users/dungmv/Library/Developer/Xcode/DerivedData/ModuleCache.noindex -serialize-diagnostics -emit-dependencies -emit-module -emit-module-path /Users/dungmv/Library/Developer/Xcode/DerivedData/macSCP-ashqfvenqdpjoidexoodbencnboy/Build/Intermediates.noindex/macSCP.build/Debug/macSCP.build/Objects-normal/arm64/macSCP.swiftmodule -validate-clang-modules-once -clang-build-session-file /Users/dungmv/Library/Developer/Xcode/DerivedData/ModuleCache.noindex/Session.modulevalidation -Xcc -I/Users/dungmv/Library/Developer/Xcode/DerivedData/macSCP-ashqfvenqdpjoidexoodbencnboy/Build/Intermediates.noindex/macSCP.build/Debug/macSCP.build/swift-overrides.hmap -emit-const-values -Xfrontend -const-gather-protocols-file -Xfrontend /Users/dungmv/Library/Developer/Xcode/DerivedData/macSCP-ashqfvenqdpjoidexoodbencnboy/Build/Intermediates.noindex/macSCP.build/Debug/macSCP.build/Objects-normal/arm64/macSCP_const_extract_protocols.json -Xcc -iquote -Xcc /Users/dungmv/Library/Developer/Xcode/DerivedData/macSCP-ashqfvenqdpjoidexoodbencnboy/Build/Intermediates.noindex/macSCP.build/Debug/macSCP.build/macSCP-generated-files.hmap -Xcc -I/Users/dungmv/Library/Developer/Xcode/DerivedData/macSCP-ashqfvenqdpjoidexoodbencnboy/Build/Intermediates.noindex/macSCP.build/Debug/macSCP.build/macSCP-own-target-headers.hmap -Xcc -I/Users/dungmv/Library/Developer/Xcode/DerivedData/macSCP-ashqfvenqdpjoidexoodbencnboy/Build/Intermediates.noindex/macSCP.build/Debug/macSCP.build/macSCP-all-non-framework-target-headers.hmap -Xcc -ivfsoverlay -Xcc /Users/dungmv/Library/Developer/Xcode/DerivedData/macSCP-ashqfvenqdpjoidexoodbencnboy/Build/Intermediates.noindex/macSCP.build/Debug/macSCP-52dd4c5f91a2755193412b4624d06f1b-VFS/all-product-headers.yaml -Xcc -iquote -Xcc /Users/dungmv/Library/Developer/Xcode/DerivedData/macSCP-ashqfvenqdpjoidexoodbencnboy/Build/Intermediates.noindex/macSCP.build/Debug/macSCP.build/macSCP-project-headers.hmap -Xcc -I/Users/dungmv/Library/Developer/Xcode/DerivedData/macSCP-ashqfvenqdpjoidexoodbencnboy/SourcePackages/checkouts/swift-nio/Sources/CNIOPosix/include -Xcc -I/Users/dungmv/Library/Developer/Xcode/DerivedData/macSCP-ashqfvenqdpjoidexoodbencnboy/SourcePackages/checkouts/swift-nio/Sources/CNIOWASI/include -Xcc -I/Users/dungmv/Library/Developer/Xcode/DerivedData/macSCP-ashqfvenqdpjoidexoodbencnboy/SourcePackages/checkouts/swift-nio/Sources/CNIOWindows/include -Xcc -I/Users/dungmv/Library/Developer/Xcode/DerivedData/macSCP-ashqfvenqdpjoidexoodbencnboy/SourcePackages/checkouts/swift-nio/Sources/CNIOLinux/include -Xcc -I/Users/dungmv/Library/Developer/Xcode/DerivedData/macSCP-ashqfvenqdpjoidexoodbencnboy/SourcePackages/checkouts/swift-nio/Sources/CNIODarwin/include -Xcc -I/Users/dungmv/Library/Developer/Xcode/DerivedData/macSCP-ashqfvenqdpjoidexoodbencnboy/SourcePackages/checkouts/swift-nio/Sources/CNIOAtomics/include -Xcc -I/Users/dungmv/Library/Developer/Xcode/DerivedData/macSCP-ashqfvenqdpjoidexoodbencnboy/SourcePackages/checkouts/swift-atomics/Sources/_AtomicsShims/include -Xcc -I/Users/dungmv/Library/Developer/Xcode/DerivedData/macSCP-ashqfvenqdpjoidexoodbencnboy/SourcePackages/checkouts/swift-crypto/Sources/CCryptoBoringSSLShims/include -Xcc -I/Users/dungmv/Library/Developer/Xcode/DerivedData/macSCP-ashqfvenqdpjoidexoodbencnboy/SourcePackages/checkouts/swift-crypto/Sources/CCryptoBoringSSL/include -Xcc -I/Users/dungmv/Library/Developer/Xcode/DerivedData/macSCP-ashqfvenqdpjoidexoodbencnboy/SourcePackages/checkouts/Citadel/Sources/CCitadelBcrypt/include -Xcc -I/Users/dungmv/Library/Developer/Xcode/DerivedData/macSCP-ashqfvenqdpjoidexoodbencnboy/SourcePackages/checkouts/aws-crt-swift/aws-common-runtime/aws-c-mqtt/include -Xcc -I/Users/dungmv/Library/Developer/Xcode/DerivedData/macSCP-ashqfvenqdpjoidexoodbencnboy/SourcePackages/checkouts/aws-crt-swift/aws-common-runtime/aws-c-event-stream/include -Xcc -I/Users/dungmv/Library/Developer/Xcode/DerivedData/macSCP-ashqfvenqdpjoidexoodbencnboy/SourcePackages/checkouts/aws-crt-swift/aws-common-runtime/aws-checksums/include -Xcc -I/Users/dungmv/Library/Developer/Xcode/DerivedData/macSCP-ashqfvenqdpjoidexoodbencnboy/SourcePackages/checkouts/aws-crt-swift/aws-common-runtime/aws-c-auth/include -Xcc -I/Users/dungmv/Library/Developer/Xcode/DerivedData/macSCP-ashqfvenqdpjoidexoodbencnboy/SourcePackages/checkouts/aws-crt-swift/aws-common-runtime/aws-c-sdkutils/include -Xcc -I/Users/dungmv/Library/Developer/Xcode/DerivedData/macSCP-ashqfvenqdpjoidexoodbencnboy/SourcePackages/checkouts/aws-crt-swift/aws-common-runtime/aws-c-http/include -Xcc -I/Users/dungmv/Library/Developer/Xcode/DerivedData/macSCP-ashqfvenqdpjoidexoodbencnboy/SourcePackages/checkouts/aws-crt-swift/aws-common-runtime/aws-c-io/include -Xcc -I/Users/dungmv/Library/Developer/Xcode/DerivedData/macSCP-ashqfvenqdpjoidexoodbencnboy/SourcePackages/checkouts/aws-crt-swift/aws-common-runtime/aws-c-cal/include -Xcc -I/Users/dungmv/Library/Developer/Xcode/DerivedData/macSCP-ashqfvenqdpjoidexoodbencnboy/SourcePackages/checkouts/aws-crt-swift/aws-common-runtime/aws-c-compression/include -Xcc -I/Users/dungmv/Library/Developer/Xcode/DerivedData/macSCP-ashqfvenqdpjoidexoodbencnboy/SourcePackages/checkouts/aws-crt-swift/aws-common-runtime/aws-c-common/include -Xcc -I/Users/dungmv/Library/Developer/Xcode/DerivedData/macSCP-ashqfvenqdpjoidexoodbencnboy/SourcePackages/checkouts/aws-crt-swift/aws-common-runtime/config -Xcc -I/Users/dungmv/Library/Developer/Xcode/DerivedData/macSCP-ashqfvenqdpjoidexoodbencnboy/Build/Products/Debug/include -Xcc -I/Users/dungmv/Library/Developer/Xcode/DerivedData/macSCP-ashqfvenqdpjoidexoodbencnboy/Build/Intermediates.noindex/macSCP.build/Debug/macSCP.build/DerivedSources-normal/arm64 -Xcc -I/Users/dungmv/Library/Developer/Xcode/DerivedData/macSCP-ashqfvenqdpjoidexoodbencnboy/Build/Intermediates.noindex/macSCP.build/Debug/macSCP.build/DerivedSources/arm64 -Xcc -I/Users/dungmv/Library/Developer/Xcode/DerivedData/macSCP-ashqfvenqdpjoidexoodbencnboy/Build/Intermediates.noindex/macSCP.build/Debug/macSCP.build/DerivedSources -Xcc -DDEBUG\=1 -emit-objc-header -emit-objc-header-path /Users/dungmv/Library/Developer/Xcode/DerivedData/macSCP-ashqfvenqdpjoidexoodbencnboy/Build/Intermediates.noindex/macSCP.build/Debug/macSCP.build/Objects-normal/arm64/macSCP-Swift.h -working-directory /Users/dungmv/Documents/nexgen/macSCP -experimental-emit-module-separately -disable-cmo

ProcessInfoPlistFile /Users/dungmv/Library/Developer/Xcode/DerivedData/macSCP-ashqfvenqdpjoidexoodbencnboy/Build/Products/Debug/smithy-swift_ClientRuntime.bundle/Contents/Info.plist /Users/dungmv/Library/Developer/Xcode/DerivedData/macSCP-ashqfvenqdpjoidexoodbencnboy/Build/Intermediates.noindex/smithy-swift.build/Debug/smithy-swift_ClientRuntime.build/empty-smithy-swift_ClientRuntime.plist (in target 'smithy-swift_ClientRuntime' from project 'smithy-swift')
    cd /Users/dungmv/Library/Developer/Xcode/DerivedData/macSCP-ashqfvenqdpjoidexoodbencnboy/SourcePackages/checkouts/smithy-swift
    builtin-infoPlistUtility /Users/dungmv/Library/Developer/Xcode/DerivedData/macSCP-ashqfvenqdpjoidexoodbencnboy/Build/Intermediates.noindex/smithy-swift.build/Debug/smithy-swift_ClientRuntime.build/empty-smithy-swift_ClientRuntime.plist -producttype com.apple.product-type.bundle -expandbuildsettings -platform macosx -o /Users/dungmv/Library/Developer/Xcode/DerivedData/macSCP-ashqfvenqdpjoidexoodbencnboy/Build/Products/Debug/smithy-swift_ClientRuntime.bundle/Contents/Info.plist

ProcessInfoPlistFile /Users/dungmv/Library/Developer/Xcode/DerivedData/macSCP-ashqfvenqdpjoidexoodbencnboy/Build/Products/Debug/aws-sdk-swift_AWSClientRuntime.bundle/Contents/Info.plist /Users/dungmv/Library/Developer/Xcode/DerivedData/macSCP-ashqfvenqdpjoidexoodbencnboy/Build/Intermediates.noindex/aws-sdk-swift.build/Debug/aws-sdk-swift_AWSClientRuntime.build/empty-aws-sdk-swift_AWSClientRuntime.plist (in target 'aws-sdk-swift_AWSClientRuntime' from project 'aws-sdk-swift')
    cd /Users/dungmv/Library/Developer/Xcode/DerivedData/macSCP-ashqfvenqdpjoidexoodbencnboy/SourcePackages/checkouts/aws-sdk-swift
    builtin-infoPlistUtility /Users/dungmv/Library/Developer/Xcode/DerivedData/macSCP-ashqfvenqdpjoidexoodbencnboy/Build/Intermediates.noindex/aws-sdk-swift.build/Debug/aws-sdk-swift_AWSClientRuntime.build/empty-aws-sdk-swift_AWSClientRuntime.plist -producttype com.apple.product-type.bundle -expandbuildsettings -platform macosx -o /Users/dungmv/Library/Developer/Xcode/DerivedData/macSCP-ashqfvenqdpjoidexoodbencnboy/Build/Products/Debug/aws-sdk-swift_AWSClientRuntime.bundle/Contents/Info.plist

ProcessInfoPlistFile /Users/dungmv/Library/Developer/Xcode/DerivedData/macSCP-ashqfvenqdpjoidexoodbencnboy/Build/Products/Debug/swift-crypto__CryptoExtras.bundle/Contents/Info.plist /Users/dungmv/Library/Developer/Xcode/DerivedData/macSCP-ashqfvenqdpjoidexoodbencnboy/Build/Intermediates.noindex/swift-crypto.build/Debug/swift-crypto__CryptoExtras.build/empty-swift-crypto__CryptoExtras.plist (in target 'swift-crypto__CryptoExtras' from project 'swift-crypto')
    cd /Users/dungmv/Library/Developer/Xcode/DerivedData/macSCP-ashqfvenqdpjoidexoodbencnboy/SourcePackages/checkouts/swift-crypto
    builtin-infoPlistUtility /Users/dungmv/Library/Developer/Xcode/DerivedData/macSCP-ashqfvenqdpjoidexoodbencnboy/Build/Intermediates.noindex/swift-crypto.build/Debug/swift-crypto__CryptoExtras.build/empty-swift-crypto__CryptoExtras.plist -producttype com.apple.product-type.bundle -expandbuildsettings -platform macosx -o /Users/dungmv/Library/Developer/Xcode/DerivedData/macSCP-ashqfvenqdpjoidexoodbencnboy/Build/Products/Debug/swift-crypto__CryptoExtras.bundle/Contents/Info.plist

ProcessInfoPlistFile /Users/dungmv/Library/Developer/Xcode/DerivedData/macSCP-ashqfvenqdpjoidexoodbencnboy/Build/Products/Debug/aws-crt-swift_AwsCommonRuntimeKit.bundle/Contents/Info.plist /Users/dungmv/Library/Developer/Xcode/DerivedData/macSCP-ashqfvenqdpjoidexoodbencnboy/Build/Intermediates.noindex/aws-crt-swift.build/Debug/aws-crt-swift_AwsCommonRuntimeKit.build/empty-aws-crt-swift_AwsCommonRuntimeKit.plist (in target 'aws-crt-swift_AwsCommonRuntimeKit' from project 'aws-crt-swift')
    cd /Users/dungmv/Library/Developer/Xcode/DerivedData/macSCP-ashqfvenqdpjoidexoodbencnboy/SourcePackages/checkouts/aws-crt-swift
    builtin-infoPlistUtility /Users/dungmv/Library/Developer/Xcode/DerivedData/macSCP-ashqfvenqdpjoidexoodbencnboy/Build/Intermediates.noindex/aws-crt-swift.build/Debug/aws-crt-swift_AwsCommonRuntimeKit.build/empty-aws-crt-swift_AwsCommonRuntimeKit.plist -producttype com.apple.product-type.bundle -expandbuildsettings -platform macosx -o /Users/dungmv/Library/Developer/Xcode/DerivedData/macSCP-ashqfvenqdpjoidexoodbencnboy/Build/Products/Debug/aws-crt-swift_AwsCommonRuntimeKit.bundle/Contents/Info.plist

ProcessInfoPlistFile /Users/dungmv/Library/Developer/Xcode/DerivedData/macSCP-ashqfvenqdpjoidexoodbencnboy/Build/Products/Debug/TelemetryDeck_TelemetryDeck.bundle/Contents/Info.plist /Users/dungmv/Library/Developer/Xcode/DerivedData/macSCP-ashqfvenqdpjoidexoodbencnboy/Build/Intermediates.noindex/TelemetryDeck.build/Debug/TelemetryDeck_TelemetryDeck.build/empty-TelemetryDeck_TelemetryDeck.plist (in target 'TelemetryDeck_TelemetryDeck' from project 'TelemetryDeck')
    cd /Users/dungmv/Library/Developer/Xcode/DerivedData/macSCP-ashqfvenqdpjoidexoodbencnboy/SourcePackages/checkouts/SwiftClient
    builtin-infoPlistUtility /Users/dungmv/Library/Developer/Xcode/DerivedData/macSCP-ashqfvenqdpjoidexoodbencnboy/Build/Intermediates.noindex/TelemetryDeck.build/Debug/TelemetryDeck_TelemetryDeck.build/empty-TelemetryDeck_TelemetryDeck.plist -producttype com.apple.product-type.bundle -expandbuildsettings -platform macosx -o /Users/dungmv/Library/Developer/Xcode/DerivedData/macSCP-ashqfvenqdpjoidexoodbencnboy/Build/Products/Debug/TelemetryDeck_TelemetryDeck.bundle/Contents/Info.plist

ProcessInfoPlistFile /Users/dungmv/Library/Developer/Xcode/DerivedData/macSCP-ashqfvenqdpjoidexoodbencnboy/Build/Products/Debug/TelemetryDeck_TelemetryClient.bundle/Contents/Info.plist /Users/dungmv/Library/Developer/Xcode/DerivedData/macSCP-ashqfvenqdpjoidexoodbencnboy/Build/Intermediates.noindex/TelemetryDeck.build/Debug/TelemetryDeck_TelemetryClient.build/empty-TelemetryDeck_TelemetryClient.plist (in target 'TelemetryDeck_TelemetryClient' from project 'TelemetryDeck')
    cd /Users/dungmv/Library/Developer/Xcode/DerivedData/macSCP-ashqfvenqdpjoidexoodbencnboy/SourcePackages/checkouts/SwiftClient
    builtin-infoPlistUtility /Users/dungmv/Library/Developer/Xcode/DerivedData/macSCP-ashqfvenqdpjoidexoodbencnboy/Build/Intermediates.noindex/TelemetryDeck.build/Debug/TelemetryDeck_TelemetryClient.build/empty-TelemetryDeck_TelemetryClient.plist -producttype com.apple.product-type.bundle -expandbuildsettings -platform macosx -o /Users/dungmv/Library/Developer/Xcode/DerivedData/macSCP-ashqfvenqdpjoidexoodbencnboy/Build/Products/Debug/TelemetryDeck_TelemetryClient.bundle/Contents/Info.plist

ProcessInfoPlistFile /Users/dungmv/Library/Developer/Xcode/DerivedData/macSCP-ashqfvenqdpjoidexoodbencnboy/Build/Products/Debug/PackageFrameworks/SwiftTerm.framework/Versions/A/Resources/Info.plist /Users/dungmv/Library/Developer/Xcode/DerivedData/macSCP-ashqfvenqdpjoidexoodbencnboy/Build/Intermediates.noindex/SwiftTerm.build/Debug/SwiftTerm.build/empty-SwiftTerm.plist (in target 'SwiftTerm' from project 'SwiftTerm')
    cd /Users/dungmv/Library/Developer/Xcode/DerivedData/macSCP-ashqfvenqdpjoidexoodbencnboy/SourcePackages/checkouts/SwiftTerm
    builtin-infoPlistUtility /Users/dungmv/Library/Developer/Xcode/DerivedData/macSCP-ashqfvenqdpjoidexoodbencnboy/Build/Intermediates.noindex/SwiftTerm.build/Debug/SwiftTerm.build/empty-SwiftTerm.plist -producttype com.apple.product-type.framework -expandbuildsettings -platform macosx -o /Users/dungmv/Library/Developer/Xcode/DerivedData/macSCP-ashqfvenqdpjoidexoodbencnboy/Build/Products/Debug/PackageFrameworks/SwiftTerm.framework/Versions/A/Resources/Info.plist

ProcessInfoPlistFile /Users/dungmv/Library/Developer/Xcode/DerivedData/macSCP-ashqfvenqdpjoidexoodbencnboy/Build/Products/Debug/macSCP.app/Contents/Info.plist /Users/dungmv/Documents/nexgen/macSCP/macSCP/Info.plist (in target 'macSCP' from project 'macSCP')
    cd /Users/dungmv/Documents/nexgen/macSCP
    builtin-infoPlistUtility /Users/dungmv/Documents/nexgen/macSCP/macSCP/Info.plist -producttype com.apple.product-type.application -genpkginfo /Users/dungmv/Library/Developer/Xcode/DerivedData/macSCP-ashqfvenqdpjoidexoodbencnboy/Build/Products/Debug/macSCP.app/Contents/PkgInfo -expandbuildsettings -platform macosx -additionalcontentfile /Users/dungmv/Library/Developer/Xcode/DerivedData/macSCP-ashqfvenqdpjoidexoodbencnboy/Build/Intermediates.noindex/macSCP.build/Debug/macSCP.build/assetcatalog_generated_info.plist -scanforprivacyfile /Users/dungmv/Library/Developer/Xcode/DerivedData/macSCP-ashqfvenqdpjoidexoodbencnboy/Build/Products/Debug/macSCP.app/Contents/Frameworks/Sparkle.framework -scanforprivacyfile /Users/dungmv/Library/Developer/Xcode/DerivedData/macSCP-ashqfvenqdpjoidexoodbencnboy/Build/Products/Debug/macSCP.app/Contents/Frameworks/SwiftTerm.framework -scanforprivacyfile /Users/dungmv/Library/Developer/Xcode/DerivedData/macSCP-ashqfvenqdpjoidexoodbencnboy/Build/Products/Debug/macSCP.app/Contents/Resources/TelemetryDeck_TelemetryClient.bundle -scanforprivacyfile /Users/dungmv/Library/Developer/Xcode/DerivedData/macSCP-ashqfvenqdpjoidexoodbencnboy/Build/Products/Debug/macSCP.app/Contents/Resources/TelemetryDeck_TelemetryDeck.bundle -scanforprivacyfile /Users/dungmv/Library/Developer/Xcode/DerivedData/macSCP-ashqfvenqdpjoidexoodbencnboy/Build/Products/Debug/macSCP.app/Contents/Resources/aws-crt-swift_AwsCommonRuntimeKit.bundle -scanforprivacyfile /Users/dungmv/Library/Developer/Xcode/DerivedData/macSCP-ashqfvenqdpjoidexoodbencnboy/Build/Products/Debug/macSCP.app/Contents/Resources/aws-sdk-swift_AWSClientRuntime.bundle -scanforprivacyfile /Users/dungmv/Library/Developer/Xcode/DerivedData/macSCP-ashqfvenqdpjoidexoodbencnboy/Build/Products/Debug/macSCP.app/Contents/Resources/smithy-swift_ClientRuntime.bundle -scanforprivacyfile /Users/dungmv/Library/Developer/Xcode/DerivedData/macSCP-ashqfvenqdpjoidexoodbencnboy/Build/Products/Debug/macSCP.app/Contents/Resources/swift-crypto_CCryptoBoringSSL.bundle -scanforprivacyfile /Users/dungmv/Library/Developer/Xcode/DerivedData/macSCP-ashqfvenqdpjoidexoodbencnboy/Build/Products/Debug/macSCP.app/Contents/Resources/swift-crypto_CCryptoBoringSSLShims.bundle -scanforprivacyfile /Users/dungmv/Library/Developer/Xcode/DerivedData/macSCP-ashqfvenqdpjoidexoodbencnboy/Build/Products/Debug/macSCP.app/Contents/Resources/swift-crypto_Crypto.bundle -scanforprivacyfile /Users/dungmv/Library/Developer/Xcode/DerivedData/macSCP-ashqfvenqdpjoidexoodbencnboy/Build/Products/Debug/macSCP.app/Contents/Resources/swift-crypto_CryptoBoringWrapper.bundle -scanforprivacyfile /Users/dungmv/Library/Developer/Xcode/DerivedData/macSCP-ashqfvenqdpjoidexoodbencnboy/Build/Products/Debug/macSCP.app/Contents/Resources/swift-crypto__CryptoExtras.bundle -scanforprivacyfile /Users/dungmv/Library/Developer/Xcode/DerivedData/macSCP-ashqfvenqdpjoidexoodbencnboy/Build/Products/Debug/macSCP.app/Contents/Resources/swift-nio_NIOPosix.bundle -o /Users/dungmv/Library/Developer/Xcode/DerivedData/macSCP-ashqfvenqdpjoidexoodbencnboy/Build/Products/Debug/macSCP.app/Contents/Info.plist

SwiftCompile normal arm64 Compiling\ TransfersPopover.swift,\ FileBrowserView.swift /Users/dungmv/Documents/nexgen/macSCP/macSCP/Features/Browser/Components/TransfersPopover.swift /Users/dungmv/Documents/nexgen/macSCP/macSCP/Features/Browser/FileBrowserView.swift (in target 'macSCP' from project 'macSCP')

SwiftCompile normal arm64 /Users/dungmv/Documents/nexgen/macSCP/macSCP/Features/Browser/Components/TransfersPopover.swift (in target 'macSCP' from project 'macSCP')
    cd /Users/dungmv/Documents/nexgen/macSCP
    

SwiftCompile normal arm64 /Users/dungmv/Documents/nexgen/macSCP/macSCP/Features/Browser/FileBrowserView.swift (in target 'macSCP' from project 'macSCP')
    cd /Users/dungmv/Documents/nexgen/macSCP
    

SwiftCompile normal arm64 Compiling\ SidebarView.swift,\ ConnectionListView.swift /Users/dungmv/Documents/nexgen/macSCP/macSCP/Features/Connections/Components/SidebarView.swift /Users/dungmv/Documents/nexgen/macSCP/macSCP/Features/Connections/ConnectionListView.swift (in target 'macSCP' from project 'macSCP')
SwiftCompile normal arm64 /Users/dungmv/Documents/nexgen/macSCP/macSCP/Features/Connections/Components/SidebarView.swift (in target 'macSCP' from project 'macSCP')
    cd /Users/dungmv/Documents/nexgen/macSCP
    

SwiftCompile normal arm64 /Users/dungmv/Documents/nexgen/macSCP/macSCP/Features/Connections/ConnectionListView.swift (in target 'macSCP' from project 'macSCP')
    cd /Users/dungmv/Documents/nexgen/macSCP
    

SwiftCompile normal arm64 Compiling\ AppLockView.swift,\ BreadcrumbView.swift /Users/dungmv/Documents/nexgen/macSCP/macSCP/Features/AppLock/AppLockView.swift /Users/dungmv/Documents/nexgen/macSCP/macSCP/Features/Browser/Components/BreadcrumbView.swift (in target 'macSCP' from project 'macSCP')

SwiftCompile normal arm64 /Users/dungmv/Documents/nexgen/macSCP/macSCP/Features/AppLock/AppLockView.swift (in target 'macSCP' from project 'macSCP')
    cd /Users/dungmv/Documents/nexgen/macSCP
    

SwiftCompile normal arm64 /Users/dungmv/Documents/nexgen/macSCP/macSCP/Features/Browser/Components/BreadcrumbView.swift (in target 'macSCP' from project 'macSCP')
    cd /Users/dungmv/Documents/nexgen/macSCP
    

SwiftCompile normal arm64 Compiling\ FileListView.swift,\ NativeFileTableView.swift /Users/dungmv/Documents/nexgen/macSCP/macSCP/Features/Browser/Components/FileListView.swift /Users/dungmv/Documents/nexgen/macSCP/macSCP/Features/Browser/Components/NativeFileTableView.swift (in target 'macSCP' from project 'macSCP')
SwiftCompile normal arm64 /Users/dungmv/Documents/nexgen/macSCP/macSCP/Features/Browser/Components/FileListView.swift (in target 'macSCP' from project 'macSCP')
    cd /Users/dungmv/Documents/nexgen/macSCP
    

SwiftCompile normal arm64 /Users/dungmv/Documents/nexgen/macSCP/macSCP/Features/Browser/Components/NativeFileTableView.swift (in target 'macSCP' from project 'macSCP')
    cd /Users/dungmv/Documents/nexgen/macSCP
    

SwiftCompile normal arm64 Compiling\ ConnectionDetailView.swift,\ ConnectionFormSheet.swift /Users/dungmv/Documents/nexgen/macSCP/macSCP/Features/Connections/Components/ConnectionDetailView.swift /Users/dungmv/Documents/nexgen/macSCP/macSCP/Features/Connections/Components/ConnectionFormSheet.swift (in target 'macSCP' from project 'macSCP')
SwiftCompile normal arm64 /Users/dungmv/Documents/nexgen/macSCP/macSCP/Features/Connections/Components/ConnectionDetailView.swift (in target 'macSCP' from project 'macSCP')
    cd /Users/dungmv/Documents/nexgen/macSCP
    

SwiftCompile normal arm64 /Users/dungmv/Documents/nexgen/macSCP/macSCP/Features/Connections/Components/ConnectionFormSheet.swift (in target 'macSCP' from project 'macSCP')
    cd /Users/dungmv/Documents/nexgen/macSCP
    

SwiftCompile normal arm64 Compiling\ FileBrowserViewModel.swift,\ FileBrowserWindow.swift /Users/dungmv/Documents/nexgen/macSCP/macSCP/Features/Browser/FileBrowserViewModel.swift /Users/dungmv/Documents/nexgen/macSCP/macSCP/Features/Browser/FileBrowserWindow.swift (in target 'macSCP' from project 'macSCP')
Failed frontend command:
/Applications/Xcode.app/Contents/Developer/Toolchains/XcodeDefault.xctoolchain/usr/bin/swift-frontend -frontend -c /Users/dungmv/Documents/nexgen/macSCP/macSCP/App/DependencyContainer.swift /Users/dungmv/Documents/nexgen/macSCP/macSCP/App/MacSCPApp.swift /Users/dungmv/Documents/nexgen/macSCP/macSCP/Core/Errors/AppError.swift /Users/dungmv/Documents/nexgen/macSCP/macSCP/Core/Extensions/Date+Extensions.swift /Users/dungmv/Documents/nexgen/macSCP/macSCP/Core/Extensions/String+Extensions.swift /Users/dungmv/Documents/nexgen/macSCP/macSCP/Core/Utilities/Constants.swift /Users/dungmv/Documents/nexgen/macSCP/macSCP/Core/Utilities/Logger.swift /Users/dungmv/Documents/nexgen/macSCP/macSCP/Core/Utilities/ViewState.swift /Users/dungmv/Documents/nexgen/macSCP/macSCP/Core/Utilities/WindowManager.swift /Users/dungmv/Documents/nexgen/macSCP/macSCP/Data/Keychain/KeychainService.swift /Users/dungmv/Documents/nexgen/macSCP/macSCP/Data/Keychain/KeychainServiceProtocol.swift /Users/dungmv/Documents/nexgen/macSCP/macSCP/Data/Repositories/ConnectionRepository.swift /Users/dungmv/Documents/nexgen/macSCP/macSCP/Data/Repositories/FileRepository.swift /Users/dungmv/Documents/nexgen/macSCP/macSCP/Data/Repositories/FolderRepository.swift /Users/dungmv/Documents/nexgen/macSCP/macSCP/Data/Repositories/S3FileRepository.swift /Users/dungmv/Documents/nexgen/macSCP/macSCP/Data/S3/S3Session.swift /Users/dungmv/Documents/nexgen/macSCP/macSCP/Data/S3/S3SessionProtocol.swift /Users/dungmv/Documents/nexgen/macSCP/macSCP/Data/SFTP/SFTPSession.swift /Users/dungmv/Documents/nexgen/macSCP/macSCP/Data/SFTP/SFTPSessionProtocol.swift /Users/dungmv/Documents/nexgen/macSCP/macSCP/Data/SwiftData/Entities/ConnectionEntity.swift /Users/dungmv/Documents/nexgen/macSCP/macSCP/Data/SwiftData/Entities/FolderEntity.swift /Users/dungmv/Documents/nexgen/macSCP/macSCP/Data/SwiftData/Mappers/ConnectionMapper.swift /Users/dungmv/Documents/nexgen/macSCP/macSCP/Data/SwiftData/Mappers/FolderMapper.swift /Users/dungmv/Documents/nexgen/macSCP/macSCP/Data/SwiftData/DataStore.swift /Users/dungmv/Documents/nexgen/macSCP/macSCP/Data/Terminal/TerminalSession.swift /Users/dungmv/Documents/nexgen/macSCP/macSCP/Data/Terminal/TerminalSessionProtocol.swift /Users/dungmv/Documents/nexgen/macSCP/macSCP/Domain/Models/AuthMethod.swift /Users/dungmv/Documents/nexgen/macSCP/macSCP/Domain/Models/ClipboardItem.swift /Users/dungmv/Documents/nexgen/macSCP/macSCP/Domain/Models/Connection.swift /Users/dungmv/Documents/nexgen/macSCP/macSCP/Domain/Models/ConnectionType.swift /Users/dungmv/Documents/nexgen/macSCP/macSCP/Domain/Models/Folder.swift /Users/dungmv/Documents/nexgen/macSCP/macSCP/Domain/Models/RemoteFile.swift /Users/dungmv/Documents/nexgen/macSCP/macSCP/Domain/Models/S3Credentials.swift /Users/dungmv/Documents/nexgen/macSCP/macSCP/Domain/Models/TransferProgress.swift /Users/dungmv/Documents/nexgen/macSCP/macSCP/Domain/RepositoryProtocols/ConnectionRepositoryProtocol.swift /Users/dungmv/Documents/nexgen/macSCP/macSCP/Domain/RepositoryProtocols/FileRepositoryProtocol.swift /Users/dungmv/Documents/nexgen/macSCP/macSCP/Domain/RepositoryProtocols/FolderRepositoryProtocol.swift /Users/dungmv/Documents/nexgen/macSCP/macSCP/Features/AppLock/AppLockOverlayModifier.swift /Users/dungmv/Documents/nexgen/macSCP/macSCP/Features/AppLock/AppLockView.swift /Users/dungmv/Documents/nexgen/macSCP/macSCP/Features/Browser/Components/BreadcrumbView.swift /Users/dungmv/Documents/nexgen/macSCP/macSCP/Features/Browser/Components/FileListView.swift /Users/dungmv/Documents/nexgen/macSCP/macSCP/Features/Browser/Components/NativeFileTableView.swift /Users/dungmv/Documents/nexgen/macSCP/macSCP/Features/Browser/Components/TransfersPopover.swift /Users/dungmv/Documents/nexgen/macSCP/macSCP/Features/Browser/FileBrowserView.swift -primary-file /Users/dungmv/Documents/nexgen/macSCP/macSCP/Features/Browser/FileBrowserViewModel.swift -primary-file /Users/dungmv/Documents/nexgen/macSCP/macSCP/Features/Browser/FileBrowserWindow.swift /Users/dungmv/Documents/nexgen/macSCP/macSCP/Features/Connections/Components/ConnectionDetailView.swift /Users/dungmv/Documents/nexgen/macSCP/macSCP/Features/Connections/Components/ConnectionFormSheet.swift /Users/dungmv/Documents/nexgen/macSCP/macSCP/Features/Connections/Components/ConnectionListColumn.swift /Users/dungmv/Documents/nexgen/macSCP/macSCP/Features/Connections/Components/ConnectionRowView.swift /Users/dungmv/Documents/nexgen/macSCP/macSCP/Features/Connections/Components/IconSelectorView.swift /Users/dungmv/Documents/nexgen/macSCP/macSCP/Features/Connections/Components/PasswordPromptSheet.swift /Users/dungmv/Documents/nexgen/macSCP/macSCP/Features/Connections/Components/SidebarView.swift /Users/dungmv/Documents/nexgen/macSCP/macSCP/Features/Connections/ConnectionListView.swift /Users/dungmv/Documents/nexgen/macSCP/macSCP/Features/Connections/ConnectionListViewModel.swift /Users/dungmv/Documents/nexgen/macSCP/macSCP/Features/Editor/Components/EditorContentView.swift /Users/dungmv/Documents/nexgen/macSCP/macSCP/Features/Editor/Components/EditorHeaderView.swift /Users/dungmv/Documents/nexgen/macSCP/macSCP/Features/Editor/Components/EditorStatusBar.swift /Users/dungmv/Documents/nexgen/macSCP/macSCP/Features/Editor/Components/SearchReplaceBar.swift /Users/dungmv/Documents/nexgen/macSCP/macSCP/Features/Editor/FileEditorView.swift /Users/dungmv/Documents/nexgen/macSCP/macSCP/Features/Editor/FileEditorViewModel.swift /Users/dungmv/Documents/nexgen/macSCP/macSCP/Features/Editor/FileEditorWindow.swift /Users/dungmv/Documents/nexgen/macSCP/macSCP/Features/FileInfo/FileInfoView.swift /Users/dungmv/Documents/nexgen/macSCP/macSCP/Features/FileInfo/FileInfoViewModel.swift /Users/dungmv/Documents/nexgen/macSCP/macSCP/Features/FileInfo/FileInfoWindow.swift /Users/dungmv/Documents/nexgen/macSCP/macSCP/Features/Settings/CheckForUpdatesView.swift /Users/dungmv/Documents/nexgen/macSCP/macSCP/Features/Settings/CheckForUpdatesViewModel.swift /Users/dungmv/Documents/nexgen/macSCP/macSCP/Features/Settings/SettingsView.swift /Users/dungmv/Documents/nexgen/macSCP/macSCP/Features/Terminal/TerminalView.swift /Users/dungmv/Documents/nexgen/macSCP/macSCP/Features/Terminal/TerminalViewModel.swift /Users/dungmv/Documents/nexgen/macSCP/macSCP/Features/Terminal/TerminalWindow.swift /Users/dungmv/Documents/nexgen/macSCP/macSCP/Services/AnalyticsService.swift /Users/dungmv/Documents/nexgen/macSCP/macSCP/Services/AppLockManager.swift /Users/dungmv/Documents/nexgen/macSCP/macSCP/Services/BiometricAuthService.swift /Users/dungmv/Documents/nexgen/macSCP/macSCP/Services/ClipboardService.swift /Users/dungmv/Documents/nexgen/macSCP/macSCP/Services/FileTypeService.swift /Users/dungmv/Documents/nexgen/macSCP/macSCP/Services/NavigationService.swift /Users/dungmv/Documents/nexgen/macSCP/macSCP/Shared/Components/BadgeView.swift /Users/dungmv/Documents/nexgen/macSCP/macSCP/Shared/Components/EmptyStateView.swift /Users/dungmv/Documents/nexgen/macSCP/macSCP/Shared/Components/ErrorView.swift /Users/dungmv/Documents/nexgen/macSCP/macSCP/Shared/Components/LoadingView.swift /Users/dungmv/Documents/nexgen/macSCP/macSCP/Shared/Components/NameInputSheet.swift /Users/dungmv/Library/Developer/Xcode/DerivedData/macSCP-ashqfvenqdpjoidexoodbencnboy/Build/Intermediates.noindex/macSCP.build/Debug/macSCP.build/DerivedSources/GeneratedAssetSymbols.swift -emit-dependencies-path /Users/dungmv/Library/Developer/Xcode/DerivedData/macSCP-ashqfvenqdpjoidexoodbencnboy/Build/Intermediates.noindex/macSCP.build/Debug/macSCP.build/Objects-normal/arm64/FileBrowserViewModel.d -emit-const-values-path /Users/dungmv/Library/Developer/Xcode/DerivedData/macSCP-ashqfvenqdpjoidexoodbencnboy/Build/Intermediates.noindex/macSCP.build/Debug/macSCP.build/Objects-normal/arm64/FileBrowserViewModel.swiftconstvalues -emit-reference-dependencies-path /Users/dungmv/Library/Developer/Xcode/DerivedData/macSCP-ashqfvenqdpjoidexoodbencnboy/Build/Intermediates.noindex/macSCP.build/Debug/macSCP.build/Objects-normal/arm64/FileBrowserViewModel.swiftdeps -serialize-diagnostics-path /Users/dungmv/Library/Developer/Xcode/DerivedData/macSCP-ashqfvenqdpjoidexoodbencnboy/Build/Intermediates.noindex/macSCP.build/Debug/macSCP.build/Objects-normal/arm64/FileBrowserViewModel.dia -emit-dependencies-path /Users/dungmv/Library/Developer/Xcode/DerivedData/macSCP-ashqfvenqdpjoidexoodbencnboy/Build/Intermediates.noindex/macSCP.build/Debug/macSCP.build/Objects-normal/arm64/FileBrowserWindow.d -emit-const-values-path /Users/dungmv/Library/Developer/Xcode/DerivedData/macSCP-ashqfvenqdpjoidexoodbencnboy/Build/Intermediates.noindex/macSCP.build/Debug/macSCP.build/Objects-normal/arm64/FileBrowserWindow.swiftconstvalues -emit-reference-dependencies-path /Users/dungmv/Library/Developer/Xcode/DerivedData/macSCP-ashqfvenqdpjoidexoodbencnboy/Build/Intermediates.noindex/macSCP.build/Debug/macSCP.build/Objects-normal/arm64/FileBrowserWindow.swiftdeps -serialize-diagnostics-path /Users/dungmv/Library/Developer/Xcode/DerivedData/macSCP-ashqfvenqdpjoidexoodbencnboy/Build/Intermediates.noindex/macSCP.build/Debug/macSCP.build/Objects-normal/arm64/FileBrowserWindow.dia -emit-localized-strings -emit-localized-strings-path /Users/dungmv/Library/Developer/Xcode/DerivedData/macSCP-ashqfvenqdpjoidexoodbencnboy/Build/Intermediates.noindex/macSCP.build/Debug/macSCP.build/Objects-normal/arm64 -target arm64-apple-macos15.0 -module-can-import-version AppKit 2685.60.104 2685.60.104 -module-can-import-version DeveloperToolsSupport 23.40.26 23.40.26 -module-can-import-version SwiftUI 7.5.3 7.5.3 -disable-cross-import-overlay-search -swift-module-cross-import Darwin /Applications/Xcode.app/Contents/Developer/Platforms/MacOSX.platform/Developer/SDKs/MacOSX.sdk/usr/include/Darwin.swiftcrossimport/xlocale.swiftoverlay -swift-module-cross-import LocalAuthentication /Applications/Xcode.app/Contents/Developer/Platforms/MacOSX.platform/Developer/SDKs/MacOSX.sdk/System/Library/Frameworks/LocalAuthentication.framework/Modules/LocalAuthentication.swiftcrossimport/SwiftUI.swiftoverlay -swift-module-cross-import LocalAuthentication /Applications/Xcode.app/Contents/Developer/Platforms/MacOSX.platform/Developer/SDKs/MacOSX26.5.sdk/System/Library/Frameworks/LocalAuthentication.framework/Modules/LocalAuthentication.swiftcrossimport/SwiftUI.swiftoverlay -swift-module-cross-import SwiftData /Applications/Xcode.app/Contents/Developer/Platforms/MacOSX.platform/Developer/SDKs/MacOSX26.5.sdk/System/Library/Frameworks/SwiftData.framework/Modules/SwiftData.swiftcrossimport/CoreData.swiftoverlay -swift-module-cross-import SwiftData /Applications/Xcode.app/Contents/Developer/Platforms/MacOSX.platform/Developer/SDKs/MacOSX26.5.sdk/System/Library/Frameworks/SwiftData.framework/Modules/SwiftData.swiftcrossimport/SwiftUI.swiftoverlay -load-resolved-plugin /Applications/Xcode.app/Contents/Developer/Platforms/MacOSX.platform/Developer/usr/lib/swift/host/plugins/libFoundationMacros.dylib\#/Applications/Xcode.app/Contents/Developer/Platforms/MacOSX.platform/Developer/usr/bin/swift-plugin-server\#FoundationMacros -load-resolved-plugin /Applications/Xcode.app/Contents/Developer/Platforms/MacOSX.platform/Developer/usr/lib/swift/host/plugins/libObservationMacros.dylib\#/Applications/Xcode.app/Contents/Developer/Platforms/MacOSX.platform/Developer/usr/bin/swift-plugin-server\#ObservationMacros -load-resolved-plugin /Applications/Xcode.app/Contents/Developer/Platforms/MacOSX.platform/Developer/usr/lib/swift/host/plugins/libPreviewsMacros.dylib\#/Applications/Xcode.app/Contents/Developer/Platforms/MacOSX.platform/Developer/usr/bin/swift-plugin-server\#PreviewsMacros -load-resolved-plugin /Applications/Xcode.app/Contents/Developer/Platforms/MacOSX.platform/Developer/usr/lib/swift/host/plugins/libSwiftDataMacros.dylib\#/Applications/Xcode.app/Contents/Developer/Platforms/MacOSX.platform/Developer/usr/bin/swift-plugin-server\#SwiftDataMacros -load-resolved-plugin /Applications/Xcode.app/Contents/Developer/Platforms/MacOSX.platform/Developer/usr/lib/swift/host/plugins/libSwiftMacros.dylib\#/Applications/Xcode.app/Contents/Developer/Platforms/MacOSX.platform/Developer/usr/bin/swift-plugin-server\#SwiftMacros -load-resolved-plugin /Applications/Xcode.app/Contents/Developer/Platforms/MacOSX.platform/Developer/usr/lib/swift/host/plugins/libSwiftUIMacros.dylib\#/Applications/Xcode.app/Contents/Developer/Platforms/MacOSX.platform/Developer/usr/bin/swift-plugin-server\#SwiftUIMacros -disable-implicit-swift-modules -Xcc -fno-implicit-modules -Xcc -fno-implicit-module-maps -explicit-swift-module-map-file /Users/dungmv/Library/Developer/Xcode/DerivedData/macSCP-ashqfvenqdpjoidexoodbencnboy/Build/Intermediates.noindex/macSCP.build/Debug/macSCP.build/Objects-normal/arm64/macSCP-dependencies-1.json -debug-module-path /Users/dungmv/Library/Developer/Xcode/DerivedData/macSCP-ashqfvenqdpjoidexoodbencnboy/Build/Intermediates.noindex/macSCP.build/Debug/macSCP.build/Objects-normal/arm64/macSCP.swiftmodule -Xllvm -aarch64-use-tbi -enable-objc-interop -stack-check -sdk /Applications/Xcode.app/Contents/Developer/Platforms/MacOSX.platform/Developer/SDKs/MacOSX26.5.sdk -I /Users/dungmv/Library/Developer/Xcode/DerivedData/macSCP-ashqfvenqdpjoidexoodbencnboy/Build/Products/Debug -F /Users/dungmv/Library/Developer/Xcode/DerivedData/macSCP-ashqfvenqdpjoidexoodbencnboy/Build/Products/Debug/PackageFrameworks -F /Users/dungmv/Library/Developer/Xcode/DerivedData/macSCP-ashqfvenqdpjoidexoodbencnboy/Build/Products/Debug/PackageFrameworks -F /Users/dungmv/Library/Developer/Xcode/DerivedData/macSCP-ashqfvenqdpjoidexoodbencnboy/Build/Products/Debug/PackageFrameworks -F /Users/dungmv/Library/Developer/Xcode/DerivedData/macSCP-ashqfvenqdpjoidexoodbencnboy/Build/Products/Debug/PackageFrameworks -F /Users/dungmv/Library/Developer/Xcode/DerivedData/macSCP-ashqfvenqdpjoidexoodbencnboy/Build/Products/Debug/PackageFrameworks -F /Users/dungmv/Library/Developer/Xcode/DerivedData/macSCP-ashqfvenqdpjoidexoodbencnboy/Build/Products/Debug/PackageFrameworks -F /Users/dungmv/Library/Developer/Xcode/DerivedData/macSCP-ashqfvenqdpjoidexoodbencnboy/Build/Products/Debug/PackageFrameworks -F /Users/dungmv/Library/Developer/Xcode/DerivedData/macSCP-ashqfvenqdpjoidexoodbencnboy/Build/Products/Debug/PackageFrameworks -F /Users/dungmv/Library/Developer/Xcode/DerivedData/macSCP-ashqfvenqdpjoidexoodbencnboy/Build/Products/Debug/PackageFrameworks -F /Users/dungmv/Library/Developer/Xcode/DerivedData/macSCP-ashqfvenqdpjoidexoodbencnboy/Build/Products/Debug/PackageFrameworks -F /Users/dungmv/Library/Developer/Xcode/DerivedData/macSCP-ashqfvenqdpjoidexoodbencnboy/Build/Products/Debug/PackageFrameworks -F /Users/dungmv/Library/Developer/Xcode/DerivedData/macSCP-ashqfvenqdpjoidexoodbencnboy/Build/Products/Debug/PackageFrameworks -F /Users/dungmv/Library/Developer/Xcode/DerivedData/macSCP-ashqfvenqdpjoidexoodbencnboy/Build/Products/Debug/PackageFrameworks -F /Users/dungmv/Library/Developer/Xcode/DerivedData/macSCP-ashqfvenqdpjoidexoodbencnboy/Build/Products/Debug/PackageFrameworks -F /Users/dungmv/Library/Developer/Xcode/DerivedData/macSCP-ashqfvenqdpjoidexoodbencnboy/Build/Products/Debug/PackageFrameworks -F /Users/dungmv/Library/Developer/Xcode/DerivedData/macSCP-ashqfvenqdpjoidexoodbencnboy/Build/Products/Debug/PackageFrameworks -F /Users/dungmv/Library/Developer/Xcode/DerivedData/macSCP-ashqfvenqdpjoidexoodbencnboy/Build/Products/Debug/PackageFrameworks -F /Users/dungmv/Library/Developer/Xcode/DerivedData/macSCP-ashqfvenqdpjoidexoodbencnboy/Build/Products/Debug/PackageFrameworks -F /Users/dungmv/Library/Developer/Xcode/DerivedData/macSCP-ashqfvenqdpjoidexoodbencnboy/Build/Products/Debug/PackageFrameworks -F /Users/dungmv/Library/Developer/Xcode/DerivedData/macSCP-ashqfvenqdpjoidexoodbencnboy/Build/Products/Debug/PackageFrameworks -F /Users/dungmv/Library/Developer/Xcode/DerivedData/macSCP-ashqfvenqdpjoidexoodbencnboy/Build/Products/Debug/PackageFrameworks -F /Users/dungmv/Library/Developer/Xcode/DerivedData/macSCP-ashqfvenqdpjoidexoodbencnboy/Build/Products/Debug/PackageFrameworks -F /Users/dungmv/Library/Developer/Xcode/DerivedData/macSCP-ashqfvenqdpjoidexoodbencnboy/Build/Products/Debug/PackageFrameworks -F /Users/dungmv/Library/Developer/Xcode/DerivedData/macSCP-ashqfvenqdpjoidexoodbencnboy/Build/Products/Debug/PackageFrameworks -F /Users/dungmv/Library/Developer/Xcode/DerivedData/macSCP-ashqfvenqdpjoidexoodbencnboy/Build/Products/Debug/PackageFrameworks -F /Users/dungmv/Library/Developer/Xcode/DerivedData/macSCP-ashqfvenqdpjoidexoodbencnboy/Build/Products/Debug/PackageFrameworks -F /Users/dungmv/Library/Developer/Xcode/DerivedData/macSCP-ashqfvenqdpjoidexoodbencnboy/Build/Products/Debug/PackageFrameworks -F /Users/dungmv/Library/Developer/Xcode/DerivedData/macSCP-ashqfvenqdpjoidexoodbencnboy/Build/Products/Debug/PackageFrameworks -F /Users/dungmv/Library/Developer/Xcode/DerivedData/macSCP-ashqfvenqdpjoidexoodbencnboy/Build/Products/Debug/PackageFrameworks -F /Users/dungmv/Library/Developer/Xcode/DerivedData/macSCP-ashqfvenqdpjoidexoodbencnboy/Build/Products/Debug/PackageFrameworks -F /Users/dungmv/Library/Developer/Xcode/DerivedData/macSCP-ashqfvenqdpjoidexoodbencnboy/Build/Products/Debug/PackageFrameworks -F /Users/dungmv/Library/Developer/Xcode/DerivedData/macSCP-ashqfvenqdpjoidexoodbencnboy/Build/Products/Debug/PackageFrameworks -F /Users/dungmv/Library/Developer/Xcode/DerivedData/macSCP-ashqfvenqdpjoidexoodbencnboy/Build/Products/Debug/PackageFrameworks -F /Users/dungmv/Library/Developer/Xcode/DerivedData/macSCP-ashqfvenqdpjoidexoodbencnboy/Build/Products/Debug/PackageFrameworks -F /Users/dungmv/Library/Developer/Xcode/DerivedData/macSCP-ashqfvenqdpjoidexoodbencnboy/Build/Products/Debug/PackageFrameworks -F /Users/dungmv/Library/Developer/Xcode/DerivedData/macSCP-ashqfvenqdpjoidexoodbencnboy/Build/Products/Debug/PackageFrameworks -F /Users/dungmv/Library/Developer/Xcode/DerivedData/macSCP-ashqfvenqdpjoidexoodbencnboy/Build/Products/Debug/PackageFrameworks -F /Users/dungmv/Library/Developer/Xcode/DerivedData/macSCP-ashqfvenqdpjoidexoodbencnboy/Build/Products/Debug/PackageFrameworks -F /Users/dungmv/Library/Developer/Xcode/DerivedData/macSCP-ashqfvenqdpjoidexoodbencnboy/Build/Products/Debug/PackageFrameworks -F /Users/dungmv/Library/Developer/Xcode/DerivedData/macSCP-ashqfvenqdpjoidexoodbencnboy/Build/Products/Debug/PackageFrameworks -F /Users/dungmv/Library/Developer/Xcode/DerivedData/macSCP-ashqfvenqdpjoidexoodbencnboy/Build/Products/Debug/PackageFrameworks -F /Users/dungmv/Library/Developer/Xcode/DerivedData/macSCP-ashqfvenqdpjoidexoodbencnboy/Build/Products/Debug/PackageFrameworks -F /Users/dungmv/Library/Developer/Xcode/DerivedData/macSCP-ashqfvenqdpjoidexoodbencnboy/Build/Products/Debug/PackageFrameworks -F /Users/dungmv/Library/Developer/Xcode/DerivedData/macSCP-ashqfvenqdpjoidexoodbencnboy/Build/Products/Debug/PackageFrameworks -F /Users/dungmv/Library/Developer/Xcode/DerivedData/macSCP-ashqfvenqdpjoidexoodbencnboy/Build/Products/Debug/PackageFrameworks -F /Users/dungmv/Library/Developer/Xcode/DerivedData/macSCP-ashqfvenqdpjoidexoodbencnboy/Build/Products/Debug/PackageFrameworks -F /Users/dungmv/Library/Developer/Xcode/DerivedData/macSCP-ashqfvenqdpjoidexoodbencnboy/Build/Products/Debug/PackageFrameworks -F /Users/dungmv/Library/Developer/Xcode/DerivedData/macSCP-ashqfvenqdpjoidexoodbencnboy/Build/Products/Debug/PackageFrameworks -F /Users/dungmv/Library/Developer/Xcode/DerivedData/macSCP-ashqfvenqdpjoidexoodbencnboy/Build/Products/Debug/PackageFrameworks -F /Users/dungmv/Library/Developer/Xcode/DerivedData/macSCP-ashqfvenqdpjoidexoodbencnboy/Build/Products/Debug/PackageFrameworks -F /Users/dungmv/Library/Developer/Xcode/DerivedData/macSCP-ashqfvenqdpjoidexoodbencnboy/Build/Products/Debug/PackageFrameworks -F /Users/dungmv/Library/Developer/Xcode/DerivedData/macSCP-ashqfvenqdpjoidexoodbencnboy/Build/Products/Debug/PackageFrameworks -F /Users/dungmv/Library/Developer/Xcode/DerivedData/macSCP-ashqfvenqdpjoidexoodbencnboy/Build/Products/Debug/PackageFrameworks -F /Users/dungmv/Library/Developer/Xcode/DerivedData/macSCP-ashqfvenqdpjoidexoodbencnboy/Build/Products/Debug/PackageFrameworks -F /Users/dungmv/Library/Developer/Xcode/DerivedData/macSCP-ashqfvenqdpjoidexoodbencnboy/Build/Products/Debug/PackageFrameworks -F /Users/dungmv/Library/Developer/Xcode/DerivedData/macSCP-ashqfvenqdpjoidexoodbencnboy/Build/Products/Debug/PackageFrameworks -F /Users/dungmv/Library/Developer/Xcode/DerivedData/macSCP-ashqfvenqdpjoidexoodbencnboy/Build/Products/Debug/PackageFrameworks -F /Users/dungmv/Library/Developer/Xcode/DerivedData/macSCP-ashqfvenqdpjoidexoodbencnboy/Build/Products/Debug/PackageFrameworks -F /Users/dungmv/Library/Developer/Xcode/DerivedData/macSCP-ashqfvenqdpjoidexoodbencnboy/Build/Products/Debug/PackageFrameworks -F /Users/dungmv/Library/Developer/Xcode/DerivedData/macSCP-ashqfvenqdpjoidexoodbencnboy/Build/Products/Debug/PackageFrameworks -F /Users/dungmv/Library/Developer/Xcode/DerivedData/macSCP-ashqfvenqdpjoidexoodbencnboy/Build/Products/Debug/PackageFrameworks -F /Users/dungmv/Library/Developer/Xcode/DerivedData/macSCP-ashqfvenqdpjoidexoodbencnboy/Build/Products/Debug/PackageFrameworks -F /Users/dungmv/Library/Developer/Xcode/DerivedData/macSCP-ashqfvenqdpjoidexoodbencnboy/Build/Products/Debug/PackageFrameworks -F /Users/dungmv/Library/Developer/Xcode/DerivedData/macSCP-ashqfvenqdpjoidexoodbencnboy/Build/Products/Debug/PackageFrameworks -F /Users/dungmv/Library/Developer/Xcode/DerivedData/macSCP-ashqfvenqdpjoidexoodbencnboy/Build/Products/Debug/PackageFrameworks -F /Users/dungmv/Library/Developer/Xcode/DerivedData/macSCP-ashqfvenqdpjoidexoodbencnboy/Build/Products/Debug/PackageFrameworks -F /Users/dungmv/Library/Developer/Xcode/DerivedData/macSCP-ashqfvenqdpjoidexoodbencnboy/Build/Products/Debug/PackageFrameworks -F /Users/dungmv/Library/Developer/Xcode/DerivedData/macSCP-ashqfvenqdpjoidexoodbencnboy/Build/Products/Debug/PackageFrameworks -F /Users/dungmv/Library/Developer/Xcode/DerivedData/macSCP-ashqfvenqdpjoidexoodbencnboy/Build/Products/Debug/PackageFrameworks -F /Users/dungmv/Library/Developer/Xcode/DerivedData/macSCP-ashqfvenqdpjoidexoodbencnboy/Build/Products/Debug/PackageFrameworks -F /Users/dungmv/Library/Developer/Xcode/DerivedData/macSCP-ashqfvenqdpjoidexoodbencnboy/Build/Products/Debug/PackageFrameworks -F /Users/dungmv/Library/Developer/Xcode/DerivedData/macSCP-ashqfvenqdpjoidexoodbencnboy/Build/Products/Debug/PackageFrameworks -F /Users/dungmv/Library/Developer/Xcode/DerivedData/macSCP-ashqfvenqdpjoidexoodbencnboy/Build/Products/Debug/PackageFrameworks -F /Users/dungmv/Library/Developer/Xcode/DerivedData/macSCP-ashqfvenqdpjoidexoodbencnboy/Build/Products/Debug/PackageFrameworks -F /Users/dungmv/Library/Developer/Xcode/DerivedData/macSCP-ashqfvenqdpjoidexoodbencnboy/Build/Products/Debug/PackageFrameworks -F /Users/dungmv/Library/Developer/Xcode/DerivedData/macSCP-ashqfvenqdpjoidexoodbencnboy/Build/Products/Debug/PackageFrameworks -F /Users/dungmv/Library/Developer/Xcode/DerivedData/macSCP-ashqfvenqdpjoidexoodbencnboy/Build/Products/Debug/PackageFrameworks -F /Users/dungmv/Library/Developer/Xcode/DerivedData/macSCP-ashqfvenqdpjoidexoodbencnboy/Build/Products/Debug/PackageFrameworks -F /Users/dungmv/Library/Developer/Xcode/DerivedData/macSCP-ashqfvenqdpjoidexoodbencnboy/Build/Products/Debug/PackageFrameworks -F /Users/dungmv/Library/Developer/Xcode/DerivedData/macSCP-ashqfvenqdpjoidexoodbencnboy/Build/Products/Debug/PackageFrameworks -F /Users/dungmv/Library/Developer/Xcode/DerivedData/macSCP-ashqfvenqdpjoidexoodbencnboy/Build/Products/Debug/PackageFrameworks -F /Users/dungmv/Library/Developer/Xcode/DerivedData/macSCP-ashqfvenqdpjoidexoodbencnboy/Build/Products/Debug/PackageFrameworks -F /Users/dungmv/Library/Developer/Xcode/DerivedData/macSCP-ashqfvenqdpjoidexoodbencnboy/Build/Products/Debug/PackageFrameworks -F /Users/dungmv/Library/Developer/Xcode/DerivedData/macSCP-ashqfvenqdpjoidexoodbencnboy/Build/Products/Debug/PackageFrameworks -F /Users/dungmv/Library/Developer/Xcode/DerivedData/macSCP-ashqfvenqdpjoidexoodbencnboy/Build/Products/Debug/PackageFrameworks -F /Users/dungmv/Library/Developer/Xcode/DerivedData/macSCP-ashqfvenqdpjoidexoodbencnboy/Build/Products/Debug -no-color-diagnostics -Xcc -fno-color-diagnostics -enable-testing -g -debug-info-format\=dwarf -dwarf-version\=5 -module-cache-path /Users/dungmv/Library/Developer/Xcode/DerivedData/macSCP-ashqfvenqdpjoidexoodbencnboy/Build/Intermediates.noindex/SwiftExplicitPrecompiledModules -profile-generate -profile-coverage-mapping -swift-version 5 -Onone -D DEBUG -serialize-debugging-options -const-gather-protocols-file /Users/dungmv/Library/Developer/Xcode/DerivedData/macSCP-ashqfvenqdpjoidexoodbencnboy/Build/Intermediates.noindex/macSCP.build/Debug/macSCP.build/Objects-normal/arm64/macSCP_const_extract_protocols.json -enable-upcoming-feature DisableOutwardActorInference -enable-upcoming-feature InferSendableFromCaptures -enable-upcoming-feature GlobalActorIsolatedTypesUsability -enable-upcoming-feature MemberImportVisibility -enable-upcoming-feature InferIsolatedConformances -enable-upcoming-feature NonisolatedNonsendingByDefault -enable-experimental-feature DebugDescriptionMacro -enable-bare-slash-regex -default-isolation\=MainActor -empty-abi-descriptor -validate-clang-modules-once -clang-build-session-file /Users/dungmv/Library/Developer/Xcode/DerivedData/ModuleCache.noindex/Session.modulevalidation -Xcc -working-directory -Xcc /Users/dungmv/Documents/nexgen/macSCP -enable-anonymous-context-mangled-names -file-compilation-dir /Users/dungmv/Documents/nexgen/macSCP -Xcc -fmodule-map-file\=/Users/dungmv/Library/Developer/Xcode/DerivedData/macSCP-ashqfvenqdpjoidexoodbencnboy/Build/Intermediates.noindex/GeneratedModuleMaps/CNIOPosix.modulemap -Xcc -fmodule-map-file\=/Users/dungmv/Library/Developer/Xcode/DerivedData/macSCP-ashqfvenqdpjoidexoodbencnboy/Build/Intermediates.noindex/GeneratedModuleMaps/CNIOWASI.modulemap -Xcc -fmodule-map-file\=/Users/dungmv/Library/Developer/Xcode/DerivedData/macSCP-ashqfvenqdpjoidexoodbencnboy/Build/Intermediates.noindex/GeneratedModuleMaps/CNIOLinux.modulemap -Xcc -fmodule-map-file\=/Users/dungmv/Library/Developer/Xcode/DerivedData/macSCP-ashqfvenqdpjoidexoodbencnboy/Build/Intermediates.noindex/GeneratedModuleMaps/CNIODarwin.modulemap -Xcc -fmodule-map-file\=/Users/dungmv/Library/Developer/Xcode/DerivedData/macSCP-ashqfvenqdpjoidexoodbencnboy/Build/Intermediates.noindex/GeneratedModuleMaps/CNIOAtomics.modulemap -Xcc -fmodule-map-file\=/Users/dungmv/Library/Developer/Xcode/DerivedData/macSCP-ashqfvenqdpjoidexoodbencnboy/SourcePackages/checkouts/aws-crt-swift/Source/LibNative/module.modulemap -Xcc -fmodule-map-file\=/Users/dungmv/Library/Developer/Xcode/DerivedData/macSCP-ashqfvenqdpjoidexoodbencnboy/Build/Intermediates.noindex/GeneratedModuleMaps/AwsCMqtt.modulemap -Xcc -fmodule-map-file\=/Users/dungmv/Library/Developer/Xcode/DerivedData/macSCP-ashqfvenqdpjoidexoodbencnboy/Build/Intermediates.noindex/GeneratedModuleMaps/AwsCEventStream.modulemap -Xcc -fmodule-map-file\=/Users/dungmv/Library/Developer/Xcode/DerivedData/macSCP-ashqfvenqdpjoidexoodbencnboy/Build/Intermediates.noindex/GeneratedModuleMaps/AwsCChecksums.modulemap -Xcc -fmodule-map-file\=/Users/dungmv/Library/Developer/Xcode/DerivedData/macSCP-ashqfvenqdpjoidexoodbencnboy/Build/Intermediates.noindex/GeneratedModuleMaps/AwsCAuth.modulemap -Xcc -fmodule-map-file\=/Users/dungmv/Library/Developer/Xcode/DerivedData/macSCP-ashqfvenqdpjoidexoodbencnboy/Build/Intermediates.noindex/GeneratedModuleMaps/AwsCSdkUtils.modulemap -Xcc -fmodule-map-file\=/Users/dungmv/Library/Developer/Xcode/DerivedData/macSCP-ashqfvenqdpjoidexoodbencnboy/Build/Intermediates.noindex/GeneratedModuleMaps/AwsCHttp.modulemap -Xcc -fmodule-map-file\=/Users/dungmv/Library/Developer/Xcode/DerivedData/macSCP-ashqfvenqdpjoidexoodbencnboy/Build/Intermediates.noindex/GeneratedModuleMaps/AwsCIo.modulemap -Xcc -fmodule-map-file\=/Users/dungmv/Library/Developer/Xcode/DerivedData/macSCP-ashqfvenqdpjoidexoodbencnboy/Build/Intermediates.noindex/GeneratedModuleMaps/AwsCCal.modulemap -Xcc -fmodule-map-file\=/Users/dungmv/Library/Developer/Xcode/DerivedData/macSCP-ashqfvenqdpjoidexoodbencnboy/Build/Intermediates.noindex/GeneratedModuleMaps/AwsCCompression.modulemap -Xcc -fmodule-map-file\=/Users/dungmv/Library/Developer/Xcode/DerivedData/macSCP-ashqfvenqdpjoidexoodbencnboy/Build/Intermediates.noindex/GeneratedModuleMaps/AwsCCommon.modulemap -Xcc -D_LIBCPP_HARDENING_MODE\=_LIBCPP_HARDENING_MODE_DEBUG -Xcc -ivfsstatcache -Xcc /Users/dungmv/Library/Developer/Xcode/DerivedData/SDKStatCaches.noindex/macosx26.5-25F70-e082c4a02f00227109f4ed75e425c832.sdkstatcache -Xcc -I/Users/dungmv/Library/Developer/Xcode/DerivedData/macSCP-ashqfvenqdpjoidexoodbencnboy/Build/Intermediates.noindex/macSCP.build/Debug/macSCP.build/swift-overrides.hmap -Xcc -iquote -Xcc /Users/dungmv/Library/Developer/Xcode/DerivedData/macSCP-ashqfvenqdpjoidexoodbencnboy/Build/Intermediates.noindex/macSCP.build/Debug/macSCP.build/macSCP-generated-files.hmap -Xcc -I/Users/dungmv/Library/Developer/Xcode/DerivedData/macSCP-ashqfvenqdpjoidexoodbencnboy/Build/Intermediates.noindex/macSCP.build/Debug/macSCP.build/macSCP-own-target-headers.hmap -Xcc -I/Users/dungmv/Library/Developer/Xcode/DerivedData/macSCP-ashqfvenqdpjoidexoodbencnboy/Build/Intermediates.noindex/macSCP.build/Debug/macSCP.build/macSCP-all-non-framework-target-headers.hmap -Xcc -ivfsoverlay -Xcc /Users/dungmv/Library/Developer/Xcode/DerivedData/macSCP-ashqfvenqdpjoidexoodbencnboy/Build/Intermediates.noindex/macSCP.build/Debug/macSCP-52dd4c5f91a2755193412b4624d06f1b-VFS/all-product-headers.yaml -Xcc -iquote -Xcc /Users/dungmv/Library/Developer/Xcode/DerivedData/macSCP-ashqfvenqdpjoidexoodbencnboy/Build/Intermediates.noindex/macSCP.build/Debug/macSCP.build/macSCP-project-headers.hmap -Xcc -I/Users/dungmv/Library/Developer/Xcode/DerivedData/macSCP-ashqfvenqdpjoidexoodbencnboy/SourcePackages/checkouts/swift-nio/Sources/CNIOPosix/include -Xcc -I/Users/dungmv/Library/Developer/Xcode/DerivedData/macSCP-ashqfvenqdpjoidexoodbencnboy/SourcePackages/checkouts/swift-nio/Sources/CNIOWASI/include -Xcc -I/Users/dungmv/Library/Developer/Xcode/DerivedData/macSCP-ashqfvenqdpjoidexoodbencnboy/SourcePackages/checkouts/swift-nio/Sources/CNIOWindows/include -Xcc -I/Users/dungmv/Library/Developer/Xcode/DerivedData/macSCP-ashqfvenqdpjoidexoodbencnboy/SourcePackages/checkouts/swift-nio/Sources/CNIOLinux/include -Xcc -I/Users/dungmv/Library/Developer/Xcode/DerivedData/macSCP-ashqfvenqdpjoidexoodbencnboy/SourcePackages/checkouts/swift-nio/Sources/CNIODarwin/include -Xcc -I/Users/dungmv/Library/Developer/Xcode/DerivedData/macSCP-ashqfvenqdpjoidexoodbencnboy/SourcePackages/checkouts/swift-nio/Sources/CNIOAtomics/include -Xcc -I/Users/dungmv/Library/Developer/Xcode/DerivedData/macSCP-ashqfvenqdpjoidexoodbencnboy/SourcePackages/checkouts/swift-atomics/Sources/_AtomicsShims/include -Xcc -I/Users/dungmv/Library/Developer/Xcode/DerivedData/macSCP-ashqfvenqdpjoidexoodbencnboy/SourcePackages/checkouts/swift-crypto/Sources/CCryptoBoringSSLShims/include -Xcc -I/Users/dungmv/Library/Developer/Xcode/DerivedData/macSCP-ashqfvenqdpjoidexoodbencnboy/SourcePackages/checkouts/swift-crypto/Sources/CCryptoBoringSSL/include -Xcc -I/Users/dungmv/Library/Developer/Xcode/DerivedData/macSCP-ashqfvenqdpjoidexoodbencnboy/SourcePackages/checkouts/Citadel/Sources/CCitadelBcrypt/include -Xcc -I/Users/dungmv/Library/Developer/Xcode/DerivedData/macSCP-ashqfvenqdpjoidexoodbencnboy/SourcePackages/checkouts/aws-crt-swift/aws-common-runtime/aws-c-mqtt/include -Xcc -I/Users/dungmv/Library/Developer/Xcode/DerivedData/macSCP-ashqfvenqdpjoidexoodbencnboy/SourcePackages/checkouts/aws-crt-swift/aws-common-runtime/aws-c-event-stream/include -Xcc -I/Users/dungmv/Library/Developer/Xcode/DerivedData/macSCP-ashqfvenqdpjoidexoodbencnboy/SourcePackages/checkouts/aws-crt-swift/aws-common-runtime/aws-checksums/include -Xcc -I/Users/dungmv/Library/Developer/Xcode/DerivedData/macSCP-ashqfvenqdpjoidexoodbencnboy/SourcePackages/checkouts/aws-crt-swift/aws-common-runtime/aws-c-auth/include -Xcc -I/Users/dungmv/Library/Developer/Xcode/DerivedData/macSCP-ashqfvenqdpjoidexoodbencnboy/SourcePackages/checkouts/aws-crt-swift/aws-common-runtime/aws-c-sdkutils/include -Xcc -I/Users/dungmv/Library/Developer/Xcode/DerivedData/macSCP-ashqfvenqdpjoidexoodbencnboy/SourcePackages/checkouts/aws-crt-swift/aws-common-runtime/aws-c-http/include -Xcc -I/Users/dungmv/Library/Developer/Xcode/DerivedData/macSCP-ashqfvenqdpjoidexoodbencnboy/SourcePackages/checkouts/aws-crt-swift/aws-common-runtime/aws-c-io/include -Xcc -I/Users/dungmv/Library/Developer/Xcode/DerivedData/macSCP-ashqfvenqdpjoidexoodbencnboy/SourcePackages/checkouts/aws-crt-swift/aws-common-runtime/aws-c-cal/include -Xcc -I/Users/dungmv/Library/Developer/Xcode/DerivedData/macSCP-ashqfvenqdpjoidexoodbencnboy/SourcePackages/checkouts/aws-crt-swift/aws-common-runtime/aws-c-compression/include -Xcc -I/Users/dungmv/Library/Developer/Xcode/DerivedData/macSCP-ashqfvenqdpjoidexoodbencnboy/SourcePackages/checkouts/aws-crt-swift/aws-common-runtime/aws-c-common/include -Xcc -I/Users/dungmv/Library/Developer/Xcode/DerivedData/macSCP-ashqfvenqdpjoidexoodbencnboy/SourcePackages/checkouts/aws-crt-swift/aws-common-runtime/config -Xcc -I/Users/dungmv/Library/Developer/Xcode/DerivedData/macSCP-ashqfvenqdpjoidexoodbencnboy/Build/Products/Debug/include -Xcc -I/Users/dungmv/Library/Developer/Xcode/DerivedData/macSCP-ashqfvenqdpjoidexoodbencnboy/Build/Intermediates.noindex/macSCP.build/Debug/macSCP.build/DerivedSources-normal/arm64 -Xcc -I/Users/dungmv/Library/Developer/Xcode/DerivedData/macSCP-ashqfvenqdpjoidexoodbencnboy/Build/Intermediates.noindex/macSCP.build/Debug/macSCP.build/DerivedSources/arm64 -Xcc -I/Users/dungmv/Library/Developer/Xcode/DerivedData/macSCP-ashqfvenqdpjoidexoodbencnboy/Build/Intermediates.noindex/macSCP.build/Debug/macSCP.build/DerivedSources -Xcc -DDEBUG\=1 -no-auto-bridging-header-chaining -module-name macSCP -frontend-parseable-output -disable-clang-spi -clang-target arm64-apple-macos26.5 -target-sdk-version 26.5 -target-sdk-name macosx26.5 -in-process-plugin-server-path /Applications/Xcode.app/Contents/Developer/Toolchains/XcodeDefault.xctoolchain/usr/lib/swift/host/libSwiftInProcPluginServer.dylib -o /Users/dungmv/Library/Developer/Xcode/DerivedData/macSCP-ashqfvenqdpjoidexoodbencnboy/Build/Intermediates.noindex/macSCP.build/Debug/macSCP.build/Objects-normal/arm64/FileBrowserViewModel.o -o /Users/dungmv/Library/Developer/Xcode/DerivedData/macSCP-ashqfvenqdpjoidexoodbencnboy/Build/Intermediates.noindex/macSCP.build/Debug/macSCP.build/Objects-normal/arm64/FileBrowserWindow.o -index-unit-output-path /macSCP.build/Debug/macSCP.build/Objects-normal/arm64/FileBrowserViewModel.o -index-unit-output-path /macSCP.build/Debug/macSCP.build/Objects-normal/arm64/FileBrowserWindow.o -index-store-path /Users/dungmv/Library/Developer/Xcode/DerivedData/macSCP-ashqfvenqdpjoidexoodbencnboy/Index.noindex/DataStore -index-system-modules

SwiftCompile normal arm64 /Users/dungmv/Documents/nexgen/macSCP/macSCP/Features/Browser/FileBrowserViewModel.swift (in target 'macSCP' from project 'macSCP')
    cd /Users/dungmv/Documents/nexgen/macSCP
    
/Users/dungmv/Documents/nexgen/macSCP/macSCP/Features/Browser/FileBrowserViewModel.swift:490:31: warning: reference to captured var 'self' in concurrently-executing code; this is an error in the Swift 6 language mode
                        guard self?.activeTransfers[transferId] != nil else { return }
                              ^
/Users/dungmv/Documents/nexgen/macSCP/macSCP/Features/Browser/FileBrowserViewModel.swift:491:25: warning: reference to captured var 'self' in concurrently-executing code; this is an error in the Swift 6 language mode
                        self?.activeTransfers[transferId]?.bytesTransferred = bytesTransferred
                        ^
/Users/dungmv/Documents/nexgen/macSCP/macSCP/Features/Browser/FileBrowserViewModel.swift:599:35: warning: reference to captured var 'self' in concurrently-executing code; this is an error in the Swift 6 language mode
                            guard self?.activeTransfers[transferId] != nil else { return }
                                  ^
/Users/dungmv/Documents/nexgen/macSCP/macSCP/Features/Browser/FileBrowserViewModel.swift:600:29: warning: reference to captured var 'self' in concurrently-executing code; this is an error in the Swift 6 language mode
                            self?.activeTransfers[transferId]?.bytesTransferred = bytesTransferred
                            ^
/Users/dungmv/Documents/nexgen/macSCP/macSCP/Features/Browser/FileBrowserViewModel.swift:718:27: warning: reference to captured var 'self' in concurrently-executing code; this is an error in the Swift 6 language mode
                    guard self?.activeTransfers[transferId] != nil else { return }
                          ^
/Users/dungmv/Documents/nexgen/macSCP/macSCP/Features/Browser/FileBrowserViewModel.swift:719:21: warning: reference to captured var 'self' in concurrently-executing code; this is an error in the Swift 6 language mode
                    self?.activeTransfers[transferId]?.bytesTransferred = bytesTransferred
                    ^
/Users/dungmv/Documents/nexgen/macSCP/macSCP/Features/Browser/FileBrowserViewModel.swift:865:54: error: missing argument for parameter 'privateKeyBookmark' in call
            privateKeyPath: connection.privateKeyPath
                                                     ^
                                                     , privateKeyBookmark: <#Data?#>
/Users/dungmv/Documents/nexgen/macSCP/macSCP/Core/Utilities/WindowManager.swift:132:5: note: 'init(connectionId:connectionName:host:port:username:password:authMethod:privateKeyPath:privateKeyBookmark:)' declared here
    init(
    ^

SwiftCompile normal arm64 /Users/dungmv/Documents/nexgen/macSCP/macSCP/Features/Browser/FileBrowserWindow.swift (in target 'macSCP' from project 'macSCP')
    cd /Users/dungmv/Documents/nexgen/macSCP
    

SwiftCompile normal arm64 Compiling\ TerminalViewModel.swift,\ EmptyStateView.swift /Users/dungmv/Documents/nexgen/macSCP/macSCP/Features/Terminal/TerminalViewModel.swift /Users/dungmv/Documents/nexgen/macSCP/macSCP/Shared/Components/EmptyStateView.swift (in target 'macSCP' from project 'macSCP')

SwiftCompile normal arm64 /Users/dungmv/Documents/nexgen/macSCP/macSCP/Features/Terminal/TerminalViewModel.swift (in target 'macSCP' from project 'macSCP')
    cd /Users/dungmv/Documents/nexgen/macSCP
    

SwiftCompile normal arm64 /Users/dungmv/Documents/nexgen/macSCP/macSCP/Shared/Components/EmptyStateView.swift (in target 'macSCP' from project 'macSCP')
    cd /Users/dungmv/Documents/nexgen/macSCP
    

SwiftCompile normal arm64 Compiling\ ErrorView.swift,\ LoadingView.swift /Users/dungmv/Documents/nexgen/macSCP/macSCP/Shared/Components/ErrorView.swift /Users/dungmv/Documents/nexgen/macSCP/macSCP/Shared/Components/LoadingView.swift (in target 'macSCP' from project 'macSCP')

SwiftCompile normal arm64 /Users/dungmv/Documents/nexgen/macSCP/macSCP/Shared/Components/ErrorView.swift (in target 'macSCP' from project 'macSCP')
    cd /Users/dungmv/Documents/nexgen/macSCP
    

SwiftCompile normal arm64 /Users/dungmv/Documents/nexgen/macSCP/macSCP/Shared/Components/LoadingView.swift (in target 'macSCP' from project 'macSCP')
    cd /Users/dungmv/Documents/nexgen/macSCP
    

SwiftEmitModule normal arm64 Emitting\ module\ for\ macSCP (in target 'macSCP' from project 'macSCP')

EmitSwiftModule normal arm64 (in target 'macSCP' from project 'macSCP')
    cd /Users/dungmv/Documents/nexgen/macSCP
    

SwiftCompile normal arm64 Compiling\ NameInputSheet.swift /Users/dungmv/Documents/nexgen/macSCP/macSCP/Shared/Components/NameInputSheet.swift (in target 'macSCP' from project 'macSCP')

SwiftCompile normal arm64 /Users/dungmv/Documents/nexgen/macSCP/macSCP/Shared/Components/NameInputSheet.swift (in target 'macSCP' from project 'macSCP')
    cd /Users/dungmv/Documents/nexgen/macSCP
    

SwiftCompile normal arm64 Compiling\ ConnectionListViewModel.swift,\ EditorContentView.swift /Users/dungmv/Documents/nexgen/macSCP/macSCP/Features/Connections/ConnectionListViewModel.swift /Users/dungmv/Documents/nexgen/macSCP/macSCP/Features/Editor/Components/EditorContentView.swift (in target 'macSCP' from project 'macSCP')

SwiftCompile normal arm64 /Users/dungmv/Documents/nexgen/macSCP/macSCP/Features/Connections/ConnectionListViewModel.swift (in target 'macSCP' from project 'macSCP')
    cd /Users/dungmv/Documents/nexgen/macSCP
    

SwiftCompile normal arm64 /Users/dungmv/Documents/nexgen/macSCP/macSCP/Features/Editor/Components/EditorContentView.swift (in target 'macSCP' from project 'macSCP')
    cd /Users/dungmv/Documents/nexgen/macSCP
    

SwiftDriverJobDiscovery normal arm64 Compiling NameInputSheet.swift (in target 'macSCP' from project 'macSCP')

SwiftDriverJobDiscovery normal arm64 Compiling AppLockView.swift, BreadcrumbView.swift (in target 'macSCP' from project 'macSCP')

SwiftDriverJobDiscovery normal arm64 Compiling TerminalViewModel.swift, EmptyStateView.swift (in target 'macSCP' from project 'macSCP')

SwiftDriverJobDiscovery normal arm64 Compiling ErrorView.swift, LoadingView.swift (in target 'macSCP' from project 'macSCP')

note: Run script build phase 'Stamp Version from Git Tag' will be run during every build because the option to run the script phase "Based on dependency analysis" is unchecked. (in target 'macSCP' from project 'macSCP')
** BUILD FAILED **


The following build commands failed:
	SwiftCompile normal arm64 Compiling\ FileBrowserViewModel.swift,\ FileBrowserWindow.swift /Users/dungmv/Documents/nexgen/macSCP/macSCP/Features/Browser/FileBrowserViewModel.swift /Users/dungmv/Documents/nexgen/macSCP/macSCP/Features/Browser/FileBrowserWindow.swift (in target 'macSCP' from project 'macSCP')
	SwiftCompile normal arm64 /Users/dungmv/Documents/nexgen/macSCP/macSCP/Features/Browser/FileBrowserViewModel.swift (in target 'macSCP' from project 'macSCP')
	Building project macSCP with scheme macSCP and configuration Debug
(3 failures)
